Archive member included to satisfy reference by file (symbol)

/home/thomas/programme/gcc-arm-none-eabi-10.3-2021.10/bin/../lib/gcc/arm-none-eabi/10.3.1/../../../../arm-none-eabi/lib/thumb/v6-m/nofp/libc_nano.a(lib_a-abort.o)
                              build/cxx.o (abort)
/home/thomas/programme/gcc-arm-none-eabi-10.3-2021.10/bin/../lib/gcc/arm-none-eabi/10.3.1/../../../../arm-none-eabi/lib/thumb/v6-m/nofp/libc_nano.a(lib_a-exit.o)
                              /home/thomas/programme/gcc-arm-none-eabi-10.3-2021.10/bin/../lib/gcc/arm-none-eabi/10.3.1/../../../../arm-none-eabi/lib/thumb/v6-m/nofp/crt0.o (exit)
/home/thomas/programme/gcc-arm-none-eabi-10.3-2021.10/bin/../lib/gcc/arm-none-eabi/10.3.1/../../../../arm-none-eabi/lib/thumb/v6-m/nofp/libc_nano.a(lib_a-impure.o)
                              /home/thomas/programme/gcc-arm-none-eabi-10.3-2021.10/bin/../lib/gcc/arm-none-eabi/10.3.1/../../../../arm-none-eabi/lib/thumb/v6-m/nofp/libc_nano.a(lib_a-exit.o) (_global_impure_ptr)
/home/thomas/programme/gcc-arm-none-eabi-10.3-2021.10/bin/../lib/gcc/arm-none-eabi/10.3.1/../../../../arm-none-eabi/lib/thumb/v6-m/nofp/libc_nano.a(lib_a-init.o)
                              /home/thomas/programme/gcc-arm-none-eabi-10.3-2021.10/bin/../lib/gcc/arm-none-eabi/10.3.1/../../../../arm-none-eabi/lib/thumb/v6-m/nofp/crt0.o (__libc_init_array)
/home/thomas/programme/gcc-arm-none-eabi-10.3-2021.10/bin/../lib/gcc/arm-none-eabi/10.3.1/../../../../arm-none-eabi/lib/thumb/v6-m/nofp/libc_nano.a(lib_a-memcpy-stub.o)
                              build/json.o (memcpy)
/home/thomas/programme/gcc-arm-none-eabi-10.3-2021.10/bin/../lib/gcc/arm-none-eabi/10.3.1/../../../../arm-none-eabi/lib/thumb/v6-m/nofp/libc_nano.a(lib_a-memset.o)
                              /home/thomas/programme/gcc-arm-none-eabi-10.3-2021.10/bin/../lib/gcc/arm-none-eabi/10.3.1/../../../../arm-none-eabi/lib/thumb/v6-m/nofp/crt0.o (memset)
/home/thomas/programme/gcc-arm-none-eabi-10.3-2021.10/bin/../lib/gcc/arm-none-eabi/10.3.1/../../../../arm-none-eabi/lib/thumb/v6-m/nofp/libc_nano.a(lib_a-signal.o)
                              /home/thomas/programme/gcc-arm-none-eabi-10.3-2021.10/bin/../lib/gcc/arm-none-eabi/10.3.1/../../../../arm-none-eabi/lib/thumb/v6-m/nofp/libc_nano.a(lib_a-abort.o) (raise)
/home/thomas/programme/gcc-arm-none-eabi-10.3-2021.10/bin/../lib/gcc/arm-none-eabi/10.3.1/../../../../arm-none-eabi/lib/thumb/v6-m/nofp/libc_nano.a(lib_a-signalr.o)
                              /home/thomas/programme/gcc-arm-none-eabi-10.3-2021.10/bin/../lib/gcc/arm-none-eabi/10.3.1/../../../../arm-none-eabi/lib/thumb/v6-m/nofp/libc_nano.a(lib_a-signal.o) (_kill_r)
/home/thomas/programme/gcc-arm-none-eabi-10.3-2021.10/bin/../lib/gcc/arm-none-eabi/10.3.1/../../../../arm-none-eabi/lib/thumb/v6-m/nofp/libc_nano.a(lib_a-strcmp.o)
                              build/json.o (strcmp)
/home/thomas/programme/gcc-arm-none-eabi-10.3-2021.10/bin/../lib/gcc/arm-none-eabi/10.3.1/../../../../arm-none-eabi/lib/thumb/v6-m/nofp/libc_nano.a(lib_a-strlen.o)
                              build/usb.o (strlen)
/home/thomas/programme/gcc-arm-none-eabi-10.3-2021.10/bin/../lib/gcc/arm-none-eabi/10.3.1/../../../../arm-none-eabi/lib/thumb/v6-m/nofp/libc_nano.a(lib_a-vsnprintf.o)
                              build/json.o (vsnprintf)
/home/thomas/programme/gcc-arm-none-eabi-10.3-2021.10/bin/../lib/gcc/arm-none-eabi/10.3.1/../../../../arm-none-eabi/lib/thumb/v6-m/nofp/libc_nano.a(lib_a-nano-mallocr.o)
                              /home/thomas/programme/gcc-arm-none-eabi-10.3-2021.10/bin/../lib/gcc/arm-none-eabi/10.3.1/../../../../arm-none-eabi/lib/thumb/v6-m/nofp/libc_nano.a(lib_a-signal.o) (_malloc_r)
/home/thomas/programme/gcc-arm-none-eabi-10.3-2021.10/bin/../lib/gcc/arm-none-eabi/10.3.1/../../../../arm-none-eabi/lib/thumb/v6-m/nofp/libc_nano.a(lib_a-nano-svfprintf.o)
                              /home/thomas/programme/gcc-arm-none-eabi-10.3-2021.10/bin/../lib/gcc/arm-none-eabi/10.3.1/../../../../arm-none-eabi/lib/thumb/v6-m/nofp/libc_nano.a(lib_a-vsnprintf.o) (_svfprintf_r)
/home/thomas/programme/gcc-arm-none-eabi-10.3-2021.10/bin/../lib/gcc/arm-none-eabi/10.3.1/../../../../arm-none-eabi/lib/thumb/v6-m/nofp/libc_nano.a(lib_a-nano-vfprintf_i.o)
                              /home/thomas/programme/gcc-arm-none-eabi-10.3-2021.10/bin/../lib/gcc/arm-none-eabi/10.3.1/../../../../arm-none-eabi/lib/thumb/v6-m/nofp/libc_nano.a(lib_a-nano-svfprintf.o) (_printf_i)
/home/thomas/programme/gcc-arm-none-eabi-10.3-2021.10/bin/../lib/gcc/arm-none-eabi/10.3.1/../../../../arm-none-eabi/lib/thumb/v6-m/nofp/libc_nano.a(lib_a-reent.o)
                              /home/thomas/programme/gcc-arm-none-eabi-10.3-2021.10/bin/../lib/gcc/arm-none-eabi/10.3.1/../../../../arm-none-eabi/lib/thumb/v6-m/nofp/libc_nano.a(lib_a-signalr.o) (errno)
/home/thomas/programme/gcc-arm-none-eabi-10.3-2021.10/bin/../lib/gcc/arm-none-eabi/10.3.1/../../../../arm-none-eabi/lib/thumb/v6-m/nofp/libc_nano.a(lib_a-sbrkr.o)
[...]
Memory Configuration

Name             Origin             Length             Attributes
RAM              0x0000000020000000 0x0000000000002000 xrw
FLASH            0x0000000008000000 0x0000000000010000 xr
*default*        0x0000000000000000 0xffffffffffffffff

Linker script and memory map

LOAD /home/thomas/programme/gcc-arm-none-eabi-10.3-2021.10/bin/../lib/gcc/arm-none-eabi/10.3.1/thumb/v6-m/nofp/crti.o
LOAD /home/thomas/programme/gcc-arm-none-eabi-10.3-2021.10/bin/../lib/gcc/arm-none-eabi/10.3.1/thumb/v6-m/nofp/crtbegin.o
LOAD /home/thomas/programme/gcc-arm-none-eabi-10.3-2021.10/bin/../lib/gcc/arm-none-eabi/10.3.1/../../../../arm-none-eabi/lib/thumb/v6-m/nofp/crt0.o
LOAD build/stm32l0xx_it.o
LOAD build/stm32l0xx_hal_msp.o
LOAD build/usb_device.o
LOAD build/usbd_desc.o
LOAD build/usbd_cdc_if.o
LOAD build/usbd_conf.o
LOAD build/stm32l0xx_hal_rtc.o
LOAD build/stm32l0xx_hal_rtc_ex.o
LOAD build/stm32l0xx_hal.o
LOAD build/stm32l0xx_hal_i2c.o
LOAD build/stm32l0xx_hal_i2c_ex.o
LOAD build/stm32l0xx_hal_rcc.o
LOAD build/stm32l0xx_hal_rcc_ex.o
LOAD build/stm32l0xx_hal_flash_ramfunc.o
LOAD build/stm32l0xx_hal_flash.o
LOAD build/stm32l0xx_hal_flash_ex.o
LOAD build/stm32l0xx_hal_gpio.o
LOAD build/stm32l0xx_hal_dma.o
LOAD build/stm32l0xx_hal_pwr.o
LOAD build/stm32l0xx_hal_pwr_ex.o
LOAD build/stm32l0xx_hal_cortex.o
LOAD build/stm32l0xx_hal_tim.o
LOAD build/stm32l0xx_hal_tim_ex.o
LOAD build/stm32l0xx_hal_pcd.o
LOAD build/stm32l0xx_hal_pcd_ex.o
LOAD build/stm32l0xx_ll_usb.o
LOAD build/usbd_core.o
LOAD build/usbd_ctlreq.o
LOAD build/usbd_ioreq.o
LOAD build/usbd_cdc.o
LOAD build/system_stm32l0xx.o
LOAD build/startup_stm32l052xx.o
LOAD build/main.o
LOAD build/rtc.o
LOAD build/json.o
LOAD build/usb.o
LOAD build/cxx.o
LOAD /home/thomas/programme/gcc-arm-none-eabi-10.3-2021.10/bin/../lib/gcc/arm-none-eabi/10.3.1/../../../../arm-none-eabi/lib/thumb/v6-m/nofp/libc_nano.a
LOAD /home/thomas/programme/gcc-arm-none-eabi-10.3-2021.10/bin/../lib/gcc/arm-none-eabi/10.3.1/../../../../arm-none-eabi/lib/thumb/v6-m/nofp/libm.a
LOAD /home/thomas/programme/gcc-arm-none-eabi-10.3-2021.10/bin/../lib/gcc/arm-none-eabi/10.3.1/../../../../arm-none-eabi/lib/thumb/v6-m/nofp/libnosys.a
START GROUP
LOAD /home/thomas/programme/gcc-arm-none-eabi-10.3-2021.10/bin/../lib/gcc/arm-none-eabi/10.3.1/thumb/v6-m/nofp/libgcc.a
LOAD /home/thomas/programme/gcc-arm-none-eabi-10.3-2021.10/bin/../lib/gcc/arm-none-eabi/10.3.1/../../../../arm-none-eabi/lib/thumb/v6-m/nofp/libc_nano.a
END GROUP
START GROUP
LOAD /home/thomas/programme/gcc-arm-none-eabi-10.3-2021.10/bin/../lib/gcc/arm-none-eabi/10.3.1/thumb/v6-m/nofp/libgcc.a
LOAD /home/thomas/programme/gcc-arm-none-eabi-10.3-2021.10/bin/../lib/gcc/arm-none-eabi/10.3.1/../../../../arm-none-eabi/lib/thumb/v6-m/nofp/libc_nano.a
END GROUP
LOAD /home/thomas/programme/gcc-arm-none-eabi-10.3-2021.10/bin/../lib/gcc/arm-none-eabi/10.3.1/thumb/v6-m/nofp/crtend.o
LOAD /home/thomas/programme/gcc-arm-none-eabi-10.3-2021.10/bin/../lib/gcc/arm-none-eabi/10.3.1/thumb/v6-m/nofp/crtn.o
                0x0000000020002000                _estack = 0x20002000
                0x0000000000000200                _Min_Heap_Size = 0x200
                0x0000000000000400                _Min_Stack_Size = 0x400

.isr_vector     0x0000000008000000       0xc0
                0x0000000008000000                . = ALIGN (0x4)
 *(.isr_vector)
 .isr_vector    0x0000000008000000       0xc0 build/startup_stm32l052xx.o
                0x0000000008000000                g_pfnVectors
                0x00000000080000c0                . = ALIGN (0x4)

.text           0x00000000080000c0     0x7068
                0x00000000080000c0                . = ALIGN (0x4)
 *(.text)
 .text          0x00000000080000c0       0x48 /home/thomas/programme/gcc-arm-none-eabi-10.3-2021.10/bin/../lib/gcc/arm-none-eabi/10.3.1/thumb/v6-m/nofp/crtbegin.o
 .text          0x0000000008000108       0x14 /home/thomas/programme/gcc-arm-none-eabi-10.3-2021.10/bin/../lib/gcc/arm-none-eabi/10.3.1/../../../../arm-none-eabi/lib/thumb/v6-m/nofp/libc_nano.a(lib_a-strcmp.o)
                0x0000000008000108                strcmp
 .text          0x000000000800011c        0xe /home/thomas/programme/gcc-arm-none-eabi-10.3-2021.10/bin/../lib/gcc/arm-none-eabi/10.3.1/../../../../arm-none-eabi/lib/thumb/v6-m/nofp/libc_nano.a(lib_a-strlen.o)
                0x000000000800011c                strlen
 *fill*         0x000000000800012a        0x2 
 .text          0x000000000800012c       0x14 /home/thomas/programme/gcc-arm-none-eabi-10.3-2021.10/bin/../lib/gcc/arm-none-eabi/10.3.1/thumb/v6-m/nofp/libgcc.a(_thumb1_case_shi.o)
                0x000000000800012c                __gnu_thumb1_case_shi
 .text          0x0000000008000140      0x114 /home/thomas/programme/gcc-arm-none-eabi-10.3-2021.10/bin/../lib/gcc/arm-none-eabi/10.3.1/thumb/v6-m/nofp/libgcc.a(_udivsi3.o)
                0x0000000008000140                __udivsi3
                0x0000000008000140                __aeabi_uidiv
                0x000000000800024c                __aeabi_uidivmod
 .text          0x0000000008000254        0x4 /home/thomas/programme/gcc-arm-none-eabi-10.3-2021.10/bin/../lib/gcc/arm-none-eabi/10.3.1/thumb/v6-m/nofp/libgcc.a(_dvmd_tls.o)
                0x0000000008000254                __aeabi_ldiv0
                0x0000000008000254                __aeabi_idiv0
 .text          0x0000000008000258       0x6c /home/thomas/programme/gcc-arm-none-eabi-10.3-2021.10/bin/../lib/gcc/arm-none-eabi/10.3.1/thumb/v6-m/nofp/libgcc.a(fixdfsi.o)
                0x0000000008000258                __aeabi_d2iz
 *(.text*)
 .text.NMI_Handler
                0x00000000080002c4        0x2 build/stm32l0xx_it.o
                0x00000000080002c4                NMI_Handler
 .text.HardFault_Handler
                0x00000000080002c6        0x2 build/stm32l0xx_it.o
                0x00000000080002c6                HardFault_Handler
 .text.SVC_Handler
                0x00000000080002c8        0x2 build/stm32l0xx_it.o
                0x00000000080002c8                SVC_Handler
 .text.PendSV_Handler
                0x00000000080002ca        0x2 build/stm32l0xx_it.o
                0x00000000080002ca                PendSV_Handler
 .text.SysTick_Handler
                0x00000000080002cc       0x14 build/stm32l0xx_it.o
                0x00000000080002cc                SysTick_Handler
 .text.RTC_IRQHandler
                0x00000000080002e0       0x10 build/stm32l0xx_it.o
                0x00000000080002e0                RTC_IRQHandler
 .text.TIM21_IRQHandler
                0x00000000080002f0       0x10 build/stm32l0xx_it.o
                0x00000000080002f0                TIM21_IRQHandler
 .text.USB_IRQHandler
                0x0000000008000300       0x10 build/stm32l0xx_it.o
                0x0000000008000300                USB_IRQHandler
 .text.HAL_MspInit
                0x0000000008000310       0x1c build/stm32l0xx_hal_msp.o
                0x0000000008000310                HAL_MspInit
 .text.HAL_RTC_MspInit
                0x000000000800032c       0x34 build/stm32l0xx_hal_msp.o
                0x000000000800032c                HAL_RTC_MspInit
 .text.HAL_TIM_Base_MspInit
                0x0000000008000360       0x44 build/stm32l0xx_hal_msp.o
                0x0000000008000360                HAL_TIM_Base_MspInit
 .text.HAL_TIM_MspPostInit
                0x00000000080003a4       0x4c build/stm32l0xx_hal_msp.o
                0x00000000080003a4                HAL_TIM_MspPostInit
 .text.MX_USB_DEVICE_Init
                0x00000000080003f0       0x5c build/usb_device.o
                0x00000000080003f0                MX_USB_DEVICE_Init
 .text.USBD_FS_DeviceDescriptor
                0x000000000800044c        0xc build/usbd_desc.o
                0x000000000800044c                USBD_FS_DeviceDescriptor
 .text.USBD_FS_LangIDStrDescriptor
                0x0000000008000458        0xc build/usbd_desc.o
                0x0000000008000458                USBD_FS_LangIDStrDescriptor
 .text.IntToUnicode
                0x0000000008000464       0x30 build/usbd_desc.o
 .text.Get_SerialNum
                0x0000000008000494       0x40 build/usbd_desc.o
 .text.USBD_FS_SerialStrDescriptor
                0x00000000080004d4       0x14 build/usbd_desc.o
                0x00000000080004d4                USBD_FS_SerialStrDescriptor
 .text.USBD_FS_ProductStrDescriptor
                0x00000000080004e8       0x28 build/usbd_desc.o
                0x00000000080004e8                USBD_FS_ProductStrDescriptor
 .text.USBD_FS_ManufacturerStrDescriptor
                0x0000000008000510       0x1c build/usbd_desc.o
                0x0000000008000510                USBD_FS_ManufacturerStrDescriptor
 .text.USBD_FS_ConfigStrDescriptor
                0x000000000800052c       0x28 build/usbd_desc.o
                0x000000000800052c                USBD_FS_ConfigStrDescriptor
 .text.USBD_FS_InterfaceStrDescriptor
                0x0000000008000554       0x28 build/usbd_desc.o
                0x0000000008000554                USBD_FS_InterfaceStrDescriptor
 .text.CDC_DeInit_FS
                0x000000000800057c        0x4 build/usbd_cdc_if.o
 .text.CDC_Control_FS
                0x0000000008000580        0x4 build/usbd_cdc_if.o
 .text.CDC_Receive_FS
                0x0000000008000584       0x28 build/usbd_cdc_if.o
 .text.CDC_Init_FS
                0x00000000080005ac       0x28 build/usbd_cdc_if.o
 .text.CDC_Transmit_FS
                0x00000000080005d4       0x30 build/usbd_cdc_if.o
                0x00000000080005d4                CDC_Transmit_FS
 .text.USBD_Get_USB_Status
                0x0000000008000604       0x16 build/usbd_conf.o
 .text.SystemClockConfig_Resume
                0x000000000800061a        0x8 build/usbd_conf.o
 *fill*         0x0000000008000622        0x2 
 .text.HAL_PCD_MspInit
                0x0000000008000624       0x34 build/usbd_conf.o
                0x0000000008000624                HAL_PCD_MspInit
 .text.HAL_PCD_SetupStageCallback
                0x0000000008000658       0x16 build/usbd_conf.o
                0x0000000008000658                HAL_PCD_SetupStageCallback
 .text.HAL_PCD_DataOutStageCallback
                0x000000000800066e       0x1e build/usbd_conf.o
                0x000000000800066e                HAL_PCD_DataOutStageCallback
 .text.HAL_PCD_DataInStageCallback
                0x000000000800068c       0x1a build/usbd_conf.o
                0x000000000800068c                HAL_PCD_DataInStageCallback
 .text.HAL_PCD_SOFCallback
                0x00000000080006a6        0xe build/usbd_conf.o
                0x00000000080006a6                HAL_PCD_SOFCallback
 .text.HAL_PCD_ResetCallback
                0x00000000080006b4       0x24 build/usbd_conf.o
                0x00000000080006b4                HAL_PCD_ResetCallback
 .text.HAL_PCD_SuspendCallback
                0x00000000080006d8       0x24 build/usbd_conf.o
                0x00000000080006d8                HAL_PCD_SuspendCallback
 .text.HAL_PCD_ResumeCallback
                0x00000000080006fc       0x2c build/usbd_conf.o
                0x00000000080006fc                HAL_PCD_ResumeCallback
 .text.USBD_LL_Init
                0x0000000008000728       0x84 build/usbd_conf.o
                0x0000000008000728                USBD_LL_Init
 .text.USBD_LL_Start
                0x00000000080007ac       0x12 build/usbd_conf.o
                0x00000000080007ac                USBD_LL_Start
 .text.USBD_LL_OpenEP
                0x00000000080007be       0x18 build/usbd_conf.o
                0x00000000080007be                USBD_LL_OpenEP
 .text.USBD_LL_CloseEP
                0x00000000080007d6       0x12 build/usbd_conf.o
                0x00000000080007d6                USBD_LL_CloseEP
 .text.USBD_LL_StallEP
                0x00000000080007e8       0x12 build/usbd_conf.o
                0x00000000080007e8                USBD_LL_StallEP
 .text.USBD_LL_ClearStallEP
                0x00000000080007fa       0x12 build/usbd_conf.o
                0x00000000080007fa                USBD_LL_ClearStallEP
 .text.USBD_LL_IsStallEP
                0x000000000800080c       0x32 build/usbd_conf.o
                0x000000000800080c                USBD_LL_IsStallEP
 .text.USBD_LL_SetUSBAddress
                0x000000000800083e       0x12 build/usbd_conf.o
                0x000000000800083e                USBD_LL_SetUSBAddress
 .text.USBD_LL_Transmit
                0x0000000008000850       0x12 build/usbd_conf.o
                0x0000000008000850                USBD_LL_Transmit
 .text.USBD_LL_PrepareReceive
                0x0000000008000862       0x12 build/usbd_conf.o
                0x0000000008000862                USBD_LL_PrepareReceive
 .text.USBD_LL_GetRxDataSize
                0x0000000008000874        0xe build/usbd_conf.o
                0x0000000008000874                USBD_LL_GetRxDataSize
 *fill*         0x0000000008000882        0x2 
 .text.USBD_static_malloc
                0x0000000008000884        0x8 build/usbd_conf.o
                0x0000000008000884                USBD_static_malloc
 .text.USBD_static_free
                0x000000000800088c        0x2 build/usbd_conf.o
                0x000000000800088c                USBD_static_free
 .text.HAL_RTC_WaitForSynchro
                0x000000000800088e       0x32 build/stm32l0xx_hal_rtc.o
                0x000000000800088e                HAL_RTC_WaitForSynchro
 .text.RTC_EnterInitMode
                0x00000000080008c0       0x3a build/stm32l0xx_hal_rtc.o
                0x00000000080008c0                RTC_EnterInitMode
 *fill*         0x00000000080008fa        0x2 
 .text.HAL_RTC_Init
                0x00000000080008fc       0xd8 build/stm32l0xx_hal_rtc.o
                0x00000000080008fc                HAL_RTC_Init
 .text.RTC_ByteToBcd2
                0x00000000080009d4       0x16 build/stm32l0xx_hal_rtc.o
                0x00000000080009d4                RTC_ByteToBcd2
 *fill*         0x00000000080009ea        0x2 
 .text.HAL_RTC_SetTime
                0x00000000080009ec      0x110 build/stm32l0xx_hal_rtc.o
                0x00000000080009ec                HAL_RTC_SetTime
 .text.HAL_RTC_SetDate
                0x0000000008000afc       0xec build/stm32l0xx_hal_rtc.o
                0x0000000008000afc                HAL_RTC_SetDate
 .text.RTC_Bcd2ToByte
                0x0000000008000be8       0x14 build/stm32l0xx_hal_rtc.o
                0x0000000008000be8                RTC_Bcd2ToByte
 .text.HAL_RTC_GetTime
                0x0000000008000bfc       0x58 build/stm32l0xx_hal_rtc.o
                0x0000000008000bfc                HAL_RTC_GetTime
 .text.HAL_RTC_GetDate
                0x0000000008000c54       0x48 build/stm32l0xx_hal_rtc.o
                0x0000000008000c54                HAL_RTC_GetDate
 .text.HAL_RTCEx_SetWakeUpTimer_IT
                0x0000000008000c9c      0x114 build/stm32l0xx_hal_rtc_ex.o
                0x0000000008000c9c                HAL_RTCEx_SetWakeUpTimer_IT
 .text.HAL_RTCEx_WakeUpTimerIRQHandler
                0x0000000008000db0       0x38 build/stm32l0xx_hal_rtc_ex.o
                0x0000000008000db0                HAL_RTCEx_WakeUpTimerIRQHandler
 .text.HAL_InitTick
                0x0000000008000de8       0x50 build/stm32l0xx_hal.o
                0x0000000008000de8                HAL_InitTick
 .text.HAL_Init
                0x0000000008000e38       0x28 build/stm32l0xx_hal.o
                0x0000000008000e38                HAL_Init
 .text.HAL_IncTick
                0x0000000008000e60       0x18 build/stm32l0xx_hal.o
                0x0000000008000e60                HAL_IncTick
 .text.HAL_GetTick
                0x0000000008000e78        0xc build/stm32l0xx_hal.o
                0x0000000008000e78                HAL_GetTick
 .text.HAL_RCC_GetSysClockFreq
                0x0000000008000e84       0xb0 build/stm32l0xx_hal_rcc.o
                0x0000000008000e84                HAL_RCC_GetSysClockFreq
 .text.HAL_RCC_OscConfig
                0x0000000008000f34      0x57c build/stm32l0xx_hal_rcc.o
                0x0000000008000f34                HAL_RCC_OscConfig
 .text.HAL_RCC_ClockConfig
                0x00000000080014b0      0x1a8 build/stm32l0xx_hal_rcc.o
                0x00000000080014b0                HAL_RCC_ClockConfig
 .text.HAL_RCCEx_PeriphCLKConfig
                0x0000000008001658      0x1d8 build/stm32l0xx_hal_rcc_ex.o
                0x0000000008001658                HAL_RCCEx_PeriphCLKConfig
 .text.HAL_GPIO_Init
                0x0000000008001830      0x194 build/stm32l0xx_hal_gpio.o
                0x0000000008001830                HAL_GPIO_Init
 .text.HAL_GPIO_WritePin
                0x00000000080019c4        0xc build/stm32l0xx_hal_gpio.o
                0x00000000080019c4                HAL_GPIO_WritePin
 .text.HAL_PWR_EnableBkUpAccess
                0x00000000080019d0       0x14 build/stm32l0xx_hal_pwr.o
                0x00000000080019d0                HAL_PWR_EnableBkUpAccess
 .text.HAL_NVIC_SetPriority
                0x00000000080019e4       0x60 build/stm32l0xx_hal_cortex.o
                0x00000000080019e4                HAL_NVIC_SetPriority
 .text.HAL_NVIC_EnableIRQ
                0x0000000008001a44       0x14 build/stm32l0xx_hal_cortex.o
                0x0000000008001a44                HAL_NVIC_EnableIRQ
 .text.HAL_SYSTICK_Config
                0x0000000008001a58       0x38 build/stm32l0xx_hal_cortex.o
                0x0000000008001a58                HAL_SYSTICK_Config
 .text.TIM_Base_SetConfig
                0x0000000008001a90       0x60 build/stm32l0xx_hal_tim.o
 .text.TIM_OC1_SetConfig
                0x0000000008001af0       0x2c build/stm32l0xx_hal_tim.o
 .text.TIM_OC2_SetConfig
                0x0000000008001b1c       0x38 build/stm32l0xx_hal_tim.o
 .text.TIM_OC3_SetConfig
                0x0000000008001b54       0x38 build/stm32l0xx_hal_tim.o
 .text.TIM_OC4_SetConfig
                0x0000000008001b8c       0x3c build/stm32l0xx_hal_tim.o
 .text.TIM_TI1_ConfigInputStage
                0x0000000008001bc8       0x22 build/stm32l0xx_hal_tim.o
 *fill*         0x0000000008001bea        0x2 
 .text.TIM_TI2_ConfigInputStage
                0x0000000008001bec       0x28 build/stm32l0xx_hal_tim.o
 .text.TIM_ITRx_SetConfig
                0x0000000008001c14       0x10 build/stm32l0xx_hal_tim.o
 .text.TIM_ETR_SetConfig
                0x0000000008001c24       0x18 build/stm32l0xx_hal_tim.o
 .text.TIM_CCxChannelCmd
                0x0000000008001c3c       0x1a build/stm32l0xx_hal_tim.o
 .text.HAL_TIM_Base_Init
                0x0000000008001c56       0x34 build/stm32l0xx_hal_tim.o
                0x0000000008001c56                HAL_TIM_Base_Init
 .text.HAL_TIM_Base_Start_IT
                0x0000000008001c8a       0x22 build/stm32l0xx_hal_tim.o
                0x0000000008001c8a                HAL_TIM_Base_Start_IT
 .text.HAL_TIM_OC_MspInit
                0x0000000008001cac        0x2 build/stm32l0xx_hal_tim.o
                0x0000000008001cac                HAL_TIM_OC_MspInit
 .text.HAL_TIM_OC_Init
                0x0000000008001cae       0x34 build/stm32l0xx_hal_tim.o
                0x0000000008001cae                HAL_TIM_OC_Init
 .text.HAL_TIM_PWM_MspInit
                0x0000000008001ce2        0x2 build/stm32l0xx_hal_tim.o
                0x0000000008001ce2                HAL_TIM_PWM_MspInit
 .text.HAL_TIM_PWM_Init
                0x0000000008001ce4       0x34 build/stm32l0xx_hal_tim.o
                0x0000000008001ce4                HAL_TIM_PWM_Init
 .text.HAL_TIM_PWM_Start
                0x0000000008001d18       0x24 build/stm32l0xx_hal_tim.o
                0x0000000008001d18                HAL_TIM_PWM_Start
 .text.HAL_TIM_PWM_Stop
                0x0000000008001d3c       0x2c build/stm32l0xx_hal_tim.o
                0x0000000008001d3c                HAL_TIM_PWM_Stop
 .text.HAL_TIM_OC_ConfigChannel
                0x0000000008001d68       0x5c build/stm32l0xx_hal_tim.o
                0x0000000008001d68                HAL_TIM_OC_ConfigChannel
 .text.HAL_TIM_PWM_ConfigChannel
                0x0000000008001dc4       0xec build/stm32l0xx_hal_tim.o
                0x0000000008001dc4                HAL_TIM_PWM_ConfigChannel
 .text.HAL_TIM_ConfigClockSource
                0x0000000008001eb0       0xe4 build/stm32l0xx_hal_tim.o
                0x0000000008001eb0                HAL_TIM_ConfigClockSource
 .text.HAL_TIM_OC_DelayElapsedCallback
                0x0000000008001f94        0x2 build/stm32l0xx_hal_tim.o
                0x0000000008001f94                HAL_TIM_OC_DelayElapsedCallback
 .text.HAL_TIM_IC_CaptureCallback
                0x0000000008001f96        0x2 build/stm32l0xx_hal_tim.o
                0x0000000008001f96                HAL_TIM_IC_CaptureCallback
 .text.HAL_TIM_PWM_PulseFinishedCallback
                0x0000000008001f98        0x2 build/stm32l0xx_hal_tim.o
                0x0000000008001f98                HAL_TIM_PWM_PulseFinishedCallback
 .text.HAL_TIM_TriggerCallback
                0x0000000008001f9a        0x2 build/stm32l0xx_hal_tim.o
                0x0000000008001f9a                HAL_TIM_TriggerCallback
 .text.HAL_TIM_IRQHandler
                0x0000000008001f9c      0x122 build/stm32l0xx_hal_tim.o
                0x0000000008001f9c                HAL_TIM_IRQHandler
 .text.HAL_TIMEx_MasterConfigSynchronization
                0x00000000080020be       0x46 build/stm32l0xx_hal_tim_ex.o
                0x00000000080020be                HAL_TIMEx_MasterConfigSynchronization
 .text.HAL_PCD_EP_DB_Receive
                0x0000000008002104      0x118 build/stm32l0xx_hal_pcd.o
 .text.HAL_PCD_Init
                0x000000000800221c       0xe4 build/stm32l0xx_hal_pcd.o
                0x000000000800221c                HAL_PCD_Init
 .text.HAL_PCD_Start
                0x0000000008002300       0x2e build/stm32l0xx_hal_pcd.o
                0x0000000008002300                HAL_PCD_Start
 *fill*         0x000000000800232e        0x2 
 .text.HAL_PCD_EP_DB_Transmit
                0x0000000008002330      0x2ac build/stm32l0xx_hal_pcd.o
 .text.PCD_EP_ISR_Handler
                0x00000000080025dc      0x454 build/stm32l0xx_hal_pcd.o
 .text.HAL_PCD_SetAddress
                0x0000000008002a30       0x2c build/stm32l0xx_hal_pcd.o
                0x0000000008002a30                HAL_PCD_SetAddress
 .text.HAL_PCD_IRQHandler
                0x0000000008002a5c      0x1a8 build/stm32l0xx_hal_pcd.o
                0x0000000008002a5c                HAL_PCD_IRQHandler
 .text.HAL_PCD_EP_Open
                0x0000000008002c04       0x7e build/stm32l0xx_hal_pcd.o
                0x0000000008002c04                HAL_PCD_EP_Open
 .text.HAL_PCD_EP_Close
                0x0000000008002c82       0x68 build/stm32l0xx_hal_pcd.o
                0x0000000008002c82                HAL_PCD_EP_Close
 .text.HAL_PCD_EP_Receive
                0x0000000008002cea       0x56 build/stm32l0xx_hal_pcd.o
                0x0000000008002cea                HAL_PCD_EP_Receive
 .text.HAL_PCD_EP_GetRxCount
                0x0000000008002d40       0x14 build/stm32l0xx_hal_pcd.o
                0x0000000008002d40                HAL_PCD_EP_GetRxCount
 .text.HAL_PCD_EP_Transmit
                0x0000000008002d54       0x5c build/stm32l0xx_hal_pcd.o
                0x0000000008002d54                HAL_PCD_EP_Transmit
 .text.HAL_PCD_EP_SetStall
                0x0000000008002db0       0x6e build/stm32l0xx_hal_pcd.o
                0x0000000008002db0                HAL_PCD_EP_SetStall
 .text.HAL_PCD_EP_ClrStall
                0x0000000008002e1e       0x7a build/stm32l0xx_hal_pcd.o
                0x0000000008002e1e                HAL_PCD_EP_ClrStall
 .text.HAL_PCDEx_PMAConfig
                0x0000000008002e98       0x3a build/stm32l0xx_hal_pcd_ex.o
                0x0000000008002e98                HAL_PCDEx_PMAConfig
 .text.HAL_PCDEx_ActivateLPM
                0x0000000008002ed2       0x2a build/stm32l0xx_hal_pcd_ex.o
                0x0000000008002ed2                HAL_PCDEx_ActivateLPM
 .text.HAL_PCDEx_LPM_Callback
                0x0000000008002efc        0x2 build/stm32l0xx_hal_pcd_ex.o
                0x0000000008002efc                HAL_PCDEx_LPM_Callback
 *fill*         0x0000000008002efe        0x2 
 .text.USB_EnableGlobalInt
                0x0000000008002f00       0x14 build/stm32l0xx_ll_usb.o
                0x0000000008002f00                USB_EnableGlobalInt
 .text.USB_DisableGlobalInt
                0x0000000008002f14       0x14 build/stm32l0xx_ll_usb.o
                0x0000000008002f14                USB_DisableGlobalInt
 .text.USB_DevInit
                0x0000000008002f28       0x20 build/stm32l0xx_ll_usb.o
                0x0000000008002f28                USB_DevInit
 .text.USB_ActivateEndpoint
                0x0000000008002f48      0x2e8 build/stm32l0xx_ll_usb.o
                0x0000000008002f48                USB_ActivateEndpoint
 .text.USB_DeactivateEndpoint
                0x0000000008003230      0x170 build/stm32l0xx_ll_usb.o
                0x0000000008003230                USB_DeactivateEndpoint
 .text.USB_EPSetStall
                0x00000000080033a0       0x4c build/stm32l0xx_ll_usb.o
                0x00000000080033a0                USB_EPSetStall
 .text.USB_EPClearStall
                0x00000000080033ec       0x9c build/stm32l0xx_ll_usb.o
                0x00000000080033ec                USB_EPClearStall
 .text.USB_SetDevAddress
                0x0000000008003488        0xe build/stm32l0xx_ll_usb.o
                0x0000000008003488                USB_SetDevAddress
 *fill*         0x0000000008003496        0x2 
 .text.USB_DevConnect
                0x0000000008003498       0x14 build/stm32l0xx_ll_usb.o
                0x0000000008003498                USB_DevConnect
 .text.USB_ReadInterrupts
                0x00000000080034ac        0x8 build/stm32l0xx_ll_usb.o
                0x00000000080034ac                USB_ReadInterrupts
 .text.USB_WritePMA
                0x00000000080034b4       0x28 build/stm32l0xx_ll_usb.o
                0x00000000080034b4                USB_WritePMA
 .text.USB_EPStartXfer
                0x00000000080034dc      0x710 build/stm32l0xx_ll_usb.o
                0x00000000080034dc                USB_EPStartXfer
 .text.USB_ReadPMA
                0x0000000008003bec       0x2c build/stm32l0xx_ll_usb.o
                0x0000000008003bec                USB_ReadPMA
 .text.USBD_Init
                0x0000000008003c18       0x38 build/usbd_core.o
                0x0000000008003c18                USBD_Init
 .text.USBD_RegisterClass
                0x0000000008003c50       0x12 build/usbd_core.o
                0x0000000008003c50                USBD_RegisterClass
 .text.USBD_Start
                0x0000000008003c62        0xa build/usbd_core.o
                0x0000000008003c62                USBD_Start
 .text.USBD_SetClassConfig
                0x0000000008003c6c       0x1e build/usbd_core.o
                0x0000000008003c6c                USBD_SetClassConfig
 .text.USBD_ClrClassConfig
                0x0000000008003c8a       0x10 build/usbd_core.o
                0x0000000008003c8a                USBD_ClrClassConfig
 *fill*         0x0000000008003c9a        0x2 
 .text.USBD_LL_SetupStage
                0x0000000008003c9c       0x64 build/usbd_core.o
                0x0000000008003c9c                USBD_LL_SetupStage
 .text.USBD_LL_DataOutStage
                0x0000000008003d00       0xa4 build/usbd_core.o
                0x0000000008003d00                USBD_LL_DataOutStage
 .text.USBD_LL_DataInStage
                0x0000000008003da4       0xea build/usbd_core.o
                0x0000000008003da4                USBD_LL_DataInStage
 .text.USBD_LL_Reset
                0x0000000008003e8e       0x5e build/usbd_core.o
                0x0000000008003e8e                USBD_LL_Reset
 .text.USBD_LL_SetSpeed
                0x0000000008003eec        0x6 build/usbd_core.o
                0x0000000008003eec                USBD_LL_SetSpeed
 *fill*         0x0000000008003ef2        0x2 
 .text.USBD_LL_Suspend
                0x0000000008003ef4       0x18 build/usbd_core.o
                0x0000000008003ef4                USBD_LL_Suspend
 .text.USBD_LL_Resume
                0x0000000008003f0c       0x10 build/usbd_core.o
                0x0000000008003f0c                USBD_LL_Resume
 .text.USBD_LL_SOF
                0x0000000008003f1c       0x20 build/usbd_core.o
                0x0000000008003f1c                USBD_LL_SOF
 .text.USBD_GetLen
                0x0000000008003f3c       0x14 build/usbd_ctlreq.o
 .text.USBD_SetFeature
                0x0000000008003f50       0x18 build/usbd_ctlreq.o
 .text.USBD_ParseSetupRequest
                0x0000000008003f68       0x28 build/usbd_ctlreq.o
                0x0000000008003f68                USBD_ParseSetupRequest
 .text.USBD_CtlError
                0x0000000008003f90       0x14 build/usbd_ctlreq.o
                0x0000000008003f90                USBD_CtlError
 .text.USBD_GetDescriptor
                0x0000000008003fa4      0x16c build/usbd_ctlreq.o
 .text.USBD_SetAddress
                0x0000000008004110       0x60 build/usbd_ctlreq.o
 .text.USBD_SetConfig
                0x0000000008004170       0xb8 build/usbd_ctlreq.o
 .text.USBD_GetConfig
                0x0000000008004228       0x40 build/usbd_ctlreq.o
 .text.USBD_GetStatus
                0x0000000008004268       0x3e build/usbd_ctlreq.o
 .text.USBD_ClrFeature
                0x00000000080042a6       0x2a build/usbd_ctlreq.o
 .text.USBD_StdDevReq
                0x00000000080042d0       0x6c build/usbd_ctlreq.o
                0x00000000080042d0                USBD_StdDevReq
 .text.USBD_StdItfReq
                0x000000000800433c       0x66 build/usbd_ctlreq.o
                0x000000000800433c                USBD_StdItfReq
 .text.USBD_StdEPReq
                0x00000000080043a2      0x20c build/usbd_ctlreq.o
                0x00000000080043a2                USBD_StdEPReq
 .text.USBD_GetString
                0x00000000080045ae       0x3c build/usbd_ctlreq.o
                0x00000000080045ae                USBD_GetString
 .text.USBD_CtlSendData
                0x00000000080045ea       0x1c build/usbd_ioreq.o
                0x00000000080045ea                USBD_CtlSendData
 .text.USBD_CtlContinueSendData
                0x0000000008004606       0x10 build/usbd_ioreq.o
                0x0000000008004606                USBD_CtlContinueSendData
 .text.USBD_CtlPrepareRx
                0x0000000008004616       0x22 build/usbd_ioreq.o
                0x0000000008004616                USBD_CtlPrepareRx
 .text.USBD_CtlContinueRx
                0x0000000008004638       0x10 build/usbd_ioreq.o
                0x0000000008004638                USBD_CtlContinueRx
 .text.USBD_CtlSendStatus
                0x0000000008004648       0x18 build/usbd_ioreq.o
                0x0000000008004648                USBD_CtlSendStatus
 .text.USBD_CtlReceiveStatus
                0x0000000008004660       0x18 build/usbd_ioreq.o
                0x0000000008004660                USBD_CtlReceiveStatus
 .text.USBD_CDC_EP0_RxReady
                0x0000000008004678       0x34 build/usbd_cdc.o
 .text.USBD_CDC_GetFSCfgDesc
                0x00000000080046ac        0xc build/usbd_cdc.o
 .text.USBD_CDC_GetHSCfgDesc
                0x00000000080046b8        0xc build/usbd_cdc.o
 .text.USBD_CDC_GetOtherSpeedCfgDesc
                0x00000000080046c4        0xc build/usbd_cdc.o
 .text.USBD_CDC_GetDeviceQualifierDescriptor
                0x00000000080046d0        0xc build/usbd_cdc.o
                0x00000000080046d0                USBD_CDC_GetDeviceQualifierDescriptor
 .text.USBD_CDC_DataOut
                0x00000000080046dc       0x36 build/usbd_cdc.o
 .text.USBD_CDC_DataIn
                0x0000000008004712       0x5c build/usbd_cdc.o
 *fill*         0x000000000800476e        0x2 
 .text.USBD_CDC_Setup
                0x0000000008004770       0xf0 build/usbd_cdc.o
 .text.USBD_CDC_DeInit
                0x0000000008004860       0x4c build/usbd_cdc.o
 .text.USBD_CDC_Init
                0x00000000080048ac       0xbc build/usbd_cdc.o
 .text.USBD_CDC_RegisterInterface
                0x0000000008004968       0x12 build/usbd_cdc.o
                0x0000000008004968                USBD_CDC_RegisterInterface
 .text.USBD_CDC_SetTxBuffer
                0x000000000800497a       0x16 build/usbd_cdc.o
                0x000000000800497a                USBD_CDC_SetTxBuffer
 .text.USBD_CDC_SetRxBuffer
                0x0000000008004990        0xe build/usbd_cdc.o
                0x0000000008004990                USBD_CDC_SetRxBuffer
 .text.USBD_CDC_TransmitPacket
                0x000000000800499e       0x3e build/usbd_cdc.o
                0x000000000800499e                USBD_CDC_TransmitPacket
 .text.USBD_CDC_ReceivePacket
                0x00000000080049dc       0x3c build/usbd_cdc.o
                0x00000000080049dc                USBD_CDC_ReceivePacket
 .text.SystemInit
                0x0000000008004a18       0x5c build/system_stm32l0xx.o
                0x0000000008004a18                SystemInit
 .text.Reset_Handler
                0x0000000008004a74       0x50 build/startup_stm32l052xx.o
                0x0000000008004a74                Reset_Handler
 .text.Default_Handler
                0x0000000008004ac4        0x2 build/startup_stm32l052xx.o
                0x0000000008004ac4                TSC_IRQHandler
                0x0000000008004ac4                ADC1_COMP_IRQHandler
                0x0000000008004ac4                PVD_IRQHandler
                0x0000000008004ac4                I2C1_IRQHandler
                0x0000000008004ac4                RCC_CRS_IRQHandler
                0x0000000008004ac4                SPI1_IRQHandler
                0x0000000008004ac4                TIM6_DAC_IRQHandler
                0x0000000008004ac4                EXTI2_3_IRQHandler
                0x0000000008004ac4                I2C2_IRQHandler
                0x0000000008004ac4                DMA1_Channel4_5_6_7_IRQHandler
                0x0000000008004ac4                EXTI4_15_IRQHandler
                0x0000000008004ac4                DMA1_Channel1_IRQHandler
                0x0000000008004ac4                Default_Handler
                0x0000000008004ac4                TIM22_IRQHandler
                0x0000000008004ac4                EXTI0_1_IRQHandler
                0x0000000008004ac4                SPI2_IRQHandler
                0x0000000008004ac4                WWDG_IRQHandler
                0x0000000008004ac4                TIM2_IRQHandler
                0x0000000008004ac4                DMA1_Channel2_3_IRQHandler
                0x0000000008004ac4                USART2_IRQHandler
                0x0000000008004ac4                FLASH_IRQHandler
                0x0000000008004ac4                USART1_IRQHandler
                0x0000000008004ac4                RNG_LPUART1_IRQHandler
                0x0000000008004ac4                LPTIM1_IRQHandler
 *fill*         0x0000000008004ac6        0x2 
 .text._ZL12MX_GPIO_Initv
                0x0000000008004ac8       0xb4 build/main.o
 .text._ZL11MX_RTC_Initv
                0x0000000008004b7c       0x7c build/main.o
 .text._ZL12MX_TIM2_Initv
                0x0000000008004bf8       0xa8 build/main.o
 .text._ZL13MX_TIM21_Initv
                0x0000000008004ca0       0x84 build/main.o
 .text.HAL_TIM_PeriodElapsedCallback
                0x0000000008004d24       0x18 build/main.o
                0x0000000008004d24                HAL_TIM_PeriodElapsedCallback
 .text.HAL_RTCEx_WakeUpTimerEventCallback
                0x0000000008004d3c        0xc build/main.o
                0x0000000008004d3c                HAL_RTCEx_WakeUpTimerEventCallback
 .text._Z23filament_driver_enabledi
                0x0000000008004d48       0x44 build/main.o
                0x0000000008004d48                filament_driver_enabled(int)
 .text.SystemClock_Config
                0x0000000008004d8c       0xa8 build/main.o
                0x0000000008004d8c                SystemClock_Config
 .text.main     0x0000000008004e34      0x210 build/main.o
                0x0000000008004e34                main
 .text.Error_Handler
                0x0000000008005044        0x2 build/main.o
                0x0000000008005044                Error_Handler
 *fill*         0x0000000008005046        0x2 
 .text._Z7get_rtcP15RTC_DateTypeDefP15RTC_TimeTypeDef
                0x0000000008005048       0x20 build/rtc.o
                0x0000000008005048                get_rtc(RTC_DateTypeDef*, RTC_TimeTypeDef*)
 .text._Z7set_rtcP15RTC_DateTypeDefP15RTC_TimeTypeDef
                0x0000000008005068       0x3c build/rtc.o
                0x0000000008005068                set_rtc(RTC_DateTypeDef*, RTC_TimeTypeDef*)
 .text._ZN11ArduinoJson9Internals20StaticJsonBufferBase5allocEj
                0x00000000080050a4       0x22 build/json.o
                0x00000000080050a4                ArduinoJson::Internals::StaticJsonBufferBase::alloc(unsigned int)
 *fill*         0x00000000080050c6        0x2 
 .text._Z3addPKcz
                0x00000000080050c8       0x44 build/json.o
                0x00000000080050c8                add(char const*, ...)
 .text._Z12error_stringi
                0x000000000800510c       0x48 build/json.o
                0x000000000800510c                error_string(int)
 .text._ZNK11ArduinoJson9Internals22JsonVariantComparisonsINS0_19JsonObjectSubscriptIPKcEEE6equalsIS4_EENS0_8EnableIfIXsrNS0_12StringTraitsIT_vEE10has_equalsEbE4typeERKSA_
                0x0000000008005154       0x8c build/json.o
                0x0000000008005154                ArduinoJson::Internals::EnableIf<ArduinoJson::Internals::StringTraits<char const*, void>::has_equals, bool>::type ArduinoJson::Internals::JsonVariantComparisons<ArduinoJson::Internals::JsonObjectSubscript<char const*> >::equals<char const*>(char const* const&) const
 .text._ZN11ArduinoJson9Internals21skipSpacesAndCommentsINS0_17CharPointerTraitsIcE6ReaderEEEvRT_
                0x00000000080051e0       0x64 build/json.o
                0x00000000080051e0                void ArduinoJson::Internals::skipSpacesAndComments<ArduinoJson::Internals::CharPointerTraits<char>::Reader>(ArduinoJson::Internals::CharPointerTraits<char>::Reader&)
 .text._ZN11ArduinoJson9Internals10JsonParserINS0_17CharPointerTraitsIcE6ReaderENS0_12StringWriterIcEEE10parseArrayEv
                0x0000000008005244      0x144 build/json.o
                0x0000000008005244                ArduinoJson::Internals::JsonParser<ArduinoJson::Internals::CharPointerTraits<char>::Reader, ArduinoJson::Internals::StringWriter<char> >::parseArray()
 .text._ZN11ArduinoJson9Internals10JsonParserINS0_17CharPointerTraitsIcE6ReaderENS0_12StringWriterIcEEE15parseAnythingToEPNS_11JsonVariantE
                0x0000000008005388      0x198 build/json.o
                0x0000000008005388                ArduinoJson::Internals::JsonParser<ArduinoJson::Internals::CharPointerTraits<char>::Reader, ArduinoJson::Internals::StringWriter<char> >::parseAnythingTo(ArduinoJson::JsonVariant*)
 .text._ZN11ArduinoJson9Internals10JsonParserINS0_17CharPointerTraitsIcE6ReaderENS0_12StringWriterIcEEE11parseObjectEv
                0x0000000008005520      0x280 build/json.o
                0x0000000008005520                ArduinoJson::Internals::JsonParser<ArduinoJson::Internals::CharPointerTraits<char>::Reader, ArduinoJson::Internals::StringWriter<char> >::parseObject()
 .text._ZN11ArduinoJson9Internals12parseIntegerIiEET_PKc
                0x00000000080057a0       0x4e build/json.o
                0x00000000080057a0                int ArduinoJson::Internals::parseInteger<int>(char const*)
 *fill*         0x00000000080057ee        0x2 
 .text._Z12process_jsonPc
                0x00000000080057f0      0xdf0 build/json.o
                0x00000000080057f0                process_json(char*)
 .text.USB_CDC_ReceiveCallback
                0x00000000080065e0       0x28 build/usb.o
                0x00000000080065e0                USB_CDC_ReceiveCallback
 .text.USB_TransmitString
                0x0000000008006608       0x2c build/usb.o
                0x0000000008006608                USB_TransmitString
 .text._Z8parseCmdPc
                0x0000000008006634        0x8 build/usb.o
                0x0000000008006634                parseCmd(char*)
 .text._Z8usb_loopv
                0x000000000800663c       0x90 build/usb.o
                0x000000000800663c                usb_loop()
 .text.__cxa_pure_virtual
                0x00000000080066cc        0x6 build/cxx.o
                0x00000000080066cc                __cxa_pure_virtual
 .text.abort    0x00000000080066d2        0xe /home/thomas/programme/gcc-arm-none-eabi-10.3-2021.10/bin/../lib/gcc/arm-none-eabi/10.3.1/../../../../arm-none-eabi/lib/thumb/v6-m/nofp/libc_nano.a(lib_a-abort.o)
                0x00000000080066d2                abort
 .text.__libc_init_array
                0x00000000080066e0       0x48 /home/thomas/programme/gcc-arm-none-eabi-10.3-2021.10/bin/../lib/gcc/arm-none-eabi/10.3.1/../../../../arm-none-eabi/lib/thumb/v6-m/nofp/libc_nano.a(lib_a-init.o)
                0x00000000080066e0                __libc_init_array
 .text.memcpy   0x0000000008006728       0x12 /home/thomas/programme/gcc-arm-none-eabi-10.3-2021.10/bin/../lib/gcc/arm-none-eabi/10.3.1/../../../../arm-none-eabi/lib/thumb/v6-m/nofp/libc_nano.a(lib_a-memcpy-stub.o)
                0x0000000008006728                memcpy
 .text.memset   0x000000000800673a       0x10 /home/thomas/programme/gcc-arm-none-eabi-10.3-2021.10/bin/../lib/gcc/arm-none-eabi/10.3.1/../../../../arm-none-eabi/lib/thumb/v6-m/nofp/libc_nano.a(lib_a-memset.o)
                0x000000000800673a                memset
 .text._raise_r
                0x000000000800674a       0x54 /home/thomas/programme/gcc-arm-none-eabi-10.3-2021.10/bin/../lib/gcc/arm-none-eabi/10.3.1/../../../../arm-none-eabi/lib/thumb/v6-m/nofp/libc_nano.a(lib_a-signal.o)
                0x000000000800674a                _raise_r
 *fill*         0x000000000800679e        0x2 
 .text.raise    0x00000000080067a0       0x14 /home/thomas/programme/gcc-arm-none-eabi-10.3-2021.10/bin/../lib/gcc/arm-none-eabi/10.3.1/../../../../arm-none-eabi/lib/thumb/v6-m/nofp/libc_nano.a(lib_a-signal.o)
                0x00000000080067a0                raise
 .text._kill_r  0x00000000080067b4       0x24 /home/thomas/programme/gcc-arm-none-eabi-10.3-2021.10/bin/../lib/gcc/arm-none-eabi/10.3.1/../../../../arm-none-eabi/lib/thumb/v6-m/nofp/libc_nano.a(lib_a-signalr.o)
                0x00000000080067b4                _kill_r
 .text._getpid_r
                0x00000000080067d8        0x8 /home/thomas/programme/gcc-arm-none-eabi-10.3-2021.10/bin/../lib/gcc/arm-none-eabi/10.3.1/../../../../arm-none-eabi/lib/thumb/v6-m/nofp/libc_nano.a(lib_a-signalr.o)
                0x00000000080067d8                _getpid_r
 .text._vsnprintf_r
                0x00000000080067e0       0x56 /home/thomas/programme/gcc-arm-none-eabi-10.3-2021.10/bin/../lib/gcc/arm-none-eabi/10.3.1/../../../../arm-none-eabi/lib/thumb/v6-m/nofp/libc_nano.a(lib_a-vsnprintf.o)
                0x00000000080067e0                _vsnprintf_r
                0x00000000080067e0                _vsniprintf_r
 *fill*         0x0000000008006836        0x2 
 .text.vsnprintf
                0x0000000008006838       0x18 /home/thomas/programme/gcc-arm-none-eabi-10.3-2021.10/bin/../lib/gcc/arm-none-eabi/10.3.1/../../../../arm-none-eabi/lib/thumb/v6-m/nofp/libc_nano.a(lib_a-vsnprintf.o)
                0x0000000008006838                vsnprintf
                0x0000000008006838                vsniprintf
 .text.sbrk_aligned
                0x0000000008006850       0x44 /home/thomas/programme/gcc-arm-none-eabi-10.3-2021.10/bin/../lib/gcc/arm-none-eabi/10.3.1/../../../../arm-none-eabi/lib/thumb/v6-m/nofp/libc_nano.a(lib_a-nano-mallocr.o)
 .text._malloc_r
                0x0000000008006894       0xec /home/thomas/programme/gcc-arm-none-eabi-10.3-2021.10/bin/../lib/gcc/arm-none-eabi/10.3.1/../../../../arm-none-eabi/lib/thumb/v6-m/nofp/libc_nano.a(lib_a-nano-mallocr.o)
                0x0000000008006894                _malloc_r
 .text.__ssputs_r
                0x0000000008006980       0xc4 /home/thomas/programme/gcc-arm-none-eabi-10.3-2021.10/bin/../lib/gcc/arm-none-eabi/10.3.1/../../../../arm-none-eabi/lib/thumb/v6-m/nofp/libc_nano.a(lib_a-nano-svfprintf.o)
                0x0000000008006980                __ssputs_r
 .text._svfprintf_r
                0x0000000008006a44      0x200 /home/thomas/programme/gcc-arm-none-eabi-10.3-2021.10/bin/../lib/gcc/arm-none-eabi/10.3.1/../../../../arm-none-eabi/lib/thumb/v6-m/nofp/libc_nano.a(lib_a-nano-svfprintf.o)
                0x0000000008006a44                _svfprintf_r
                0x0000000008006a44                _svfiprintf_r
 .text._printf_common
                0x0000000008006c44       0xde /home/thomas/programme/gcc-arm-none-eabi-10.3-2021.10/bin/../lib/gcc/arm-none-eabi/10.3.1/../../../../arm-none-eabi/lib/thumb/v6-m/nofp/libc_nano.a(lib_a-nano-vfprintf_i.o)
                0x0000000008006c44                _printf_common
 *fill*         0x0000000008006d22        0x2 
 .text._printf_i
                0x0000000008006d24      0x224 /home/thomas/programme/gcc-arm-none-eabi-10.3-2021.10/bin/../lib/gcc/arm-none-eabi/10.3.1/../../../../arm-none-eabi/lib/thumb/v6-m/nofp/libc_nano.a(lib_a-nano-vfprintf_i.o)
                0x0000000008006d24                _printf_i
 .text._sbrk_r  0x0000000008006f48       0x24 /home/thomas/programme/gcc-arm-none-eabi-10.3-2021.10/bin/../lib/gcc/arm-none-eabi/10.3.1/../../../../arm-none-eabi/lib/thumb/v6-m/nofp/libc_nano.a(lib_a-sbrkr.o)
                0x0000000008006f48                _sbrk_r
 .text.memchr   0x0000000008006f6c       0x16 /home/thomas/programme/gcc-arm-none-eabi-10.3-2021.10/bin/../lib/gcc/arm-none-eabi/10.3.1/../../../../arm-none-eabi/lib/thumb/v6-m/nofp/libc_nano.a(lib_a-memchr-stub.o)
                0x0000000008006f6c                memchr
 .text.memmove  0x0000000008006f82       0x26 /home/thomas/programme/gcc-arm-none-eabi-10.3-2021.10/bin/../lib/gcc/arm-none-eabi/10.3.1/../../../../arm-none-eabi/lib/thumb/v6-m/nofp/libc_nano.a(lib_a-memmove.o)
                0x0000000008006f82                memmove
 .text.__malloc_lock
                0x0000000008006fa8       0x10 /home/thomas/programme/gcc-arm-none-eabi-10.3-2021.10/bin/../lib/gcc/arm-none-eabi/10.3.1/../../../../arm-none-eabi/lib/thumb/v6-m/nofp/libc_nano.a(lib_a-mlock.o)
                0x0000000008006fa8                __malloc_lock
 .text.__malloc_unlock
                0x0000000008006fb8       0x10 /home/thomas/programme/gcc-arm-none-eabi-10.3-2021.10/bin/../lib/gcc/arm-none-eabi/10.3.1/../../../../arm-none-eabi/lib/thumb/v6-m/nofp/libc_nano.a(lib_a-mlock.o)
                0x0000000008006fb8                __malloc_unlock
 .text._free_r  0x0000000008006fc8       0x94 /home/thomas/programme/gcc-arm-none-eabi-10.3-2021.10/bin/../lib/gcc/arm-none-eabi/10.3.1/../../../../arm-none-eabi/lib/thumb/v6-m/nofp/libc_nano.a(lib_a-nano-freer.o)
                0x0000000008006fc8                _free_r
 .text._realloc_r
                0x000000000800705c       0x5e /home/thomas/programme/gcc-arm-none-eabi-10.3-2021.10/bin/../lib/gcc/arm-none-eabi/10.3.1/../../../../arm-none-eabi/lib/thumb/v6-m/nofp/libc_nano.a(lib_a-nano-reallocr.o)
                0x000000000800705c                _realloc_r
 .text.__retarget_lock_acquire_recursive
                0x00000000080070ba        0x2 /home/thomas/programme/gcc-arm-none-eabi-10.3-2021.10/bin/../lib/gcc/arm-none-eabi/10.3.1/../../../../arm-none-eabi/lib/thumb/v6-m/nofp/libc_nano.a(lib_a-lock.o)
                0x00000000080070ba                __retarget_lock_acquire_recursive
 .text.__retarget_lock_release_recursive
                0x00000000080070bc        0x2 /home/thomas/programme/gcc-arm-none-eabi-10.3-2021.10/bin/../lib/gcc/arm-none-eabi/10.3.1/../../../../arm-none-eabi/lib/thumb/v6-m/nofp/libc_nano.a(lib_a-lock.o)
                0x00000000080070bc                __retarget_lock_release_recursive
 .text._malloc_usable_size_r
                0x00000000080070be       0x10 /home/thomas/programme/gcc-arm-none-eabi-10.3-2021.10/bin/../lib/gcc/arm-none-eabi/10.3.1/../../../../arm-none-eabi/lib/thumb/v6-m/nofp/libc_nano.a(lib_a-nano-msizer.o)
                0x00000000080070be                _malloc_usable_size_r
 *fill*         0x00000000080070ce        0x2 
 .text._getpid  0x00000000080070d0       0x10 /home/thomas/programme/gcc-arm-none-eabi-10.3-2021.10/bin/../lib/gcc/arm-none-eabi/10.3.1/../../../../arm-none-eabi/lib/thumb/v6-m/nofp/libnosys.a(getpid.o)
                0x00000000080070d0                _getpid
 .text._kill    0x00000000080070e0       0x10 /home/thomas/programme/gcc-arm-none-eabi-10.3-2021.10/bin/../lib/gcc/arm-none-eabi/10.3.1/../../../../arm-none-eabi/lib/thumb/v6-m/nofp/libnosys.a(kill.o)
                0x00000000080070e0                _kill
 .text._sbrk    0x00000000080070f0       0x1c /home/thomas/programme/gcc-arm-none-eabi-10.3-2021.10/bin/../lib/gcc/arm-none-eabi/10.3.1/../../../../arm-none-eabi/lib/thumb/v6-m/nofp/libnosys.a(sbrk.o)
                0x00000000080070f0                _sbrk
 .text._exit    0x000000000800710c        0x4 /home/thomas/programme/gcc-arm-none-eabi-10.3-2021.10/bin/../lib/gcc/arm-none-eabi/10.3.1/../../../../arm-none-eabi/lib/thumb/v6-m/nofp/libnosys.a(_exit.o)
                0x000000000800710c                _exit
 *(.glue_7)
 .glue_7        0x0000000008007110        0x0 linker stubs
 *(.glue_7t)
 .glue_7t       0x0000000008007110        0x0 linker stubs
 *(.eh_frame)
 .eh_frame      0x0000000008007110        0x0 /home/thomas/programme/gcc-arm-none-eabi-10.3-2021.10/bin/../lib/gcc/arm-none-eabi/10.3.1/thumb/v6-m/nofp/crtbegin.o
 *(.init)
 .init          0x0000000008007110        0x4 /home/thomas/programme/gcc-arm-none-eabi-10.3-2021.10/bin/../lib/gcc/arm-none-eabi/10.3.1/thumb/v6-m/nofp/crti.o
                0x0000000008007110                _init
 .init          0x0000000008007114        0x8 /home/thomas/programme/gcc-arm-none-eabi-10.3-2021.10/bin/../lib/gcc/arm-none-eabi/10.3.1/thumb/v6-m/nofp/crtn.o
 *(.fini)
 .fini          0x000000000800711c        0x4 /home/thomas/programme/gcc-arm-none-eabi-10.3-2021.10/bin/../lib/gcc/arm-none-eabi/10.3.1/thumb/v6-m/nofp/crti.o
                0x000000000800711c                _fini
 .fini          0x0000000008007120        0x8 /home/thomas/programme/gcc-arm-none-eabi-10.3-2021.10/bin/../lib/gcc/arm-none-eabi/10.3.1/thumb/v6-m/nofp/crtn.o
                0x0000000008007128                . = ALIGN (0x4)
                0x0000000008007128                _etext = .

.vfp11_veneer   0x0000000008007128        0x0
 .vfp11_veneer  0x0000000008007128        0x0 linker stubs

.v4_bx          0x0000000008007128        0x0
 .v4_bx         0x0000000008007128        0x0 linker stubs

.iplt           0x0000000008007128        0x0
 .iplt          0x0000000008007128        0x0 /home/thomas/programme/gcc-arm-none-eabi-10.3-2021.10/bin/../lib/gcc/arm-none-eabi/10.3.1/thumb/v6-m/nofp/crtbegin.o

.rodata         0x0000000008007128      0x2e4
                0x0000000008007128                . = ALIGN (0x4)
 *(.rodata)
 *(.rodata*)
 .rodata.USBD_FS_ProductStrDescriptor.str1.4
                0x0000000008007128       0x16 build/usbd_desc.o
 *fill*         0x000000000800713e        0x2 
 .rodata.USBD_FS_ManufacturerStrDescriptor.str1.4
                0x0000000008007140       0x13 build/usbd_desc.o
 *fill*         0x0000000008007153        0x1 
 .rodata.USBD_FS_ConfigStrDescriptor.str1.4
                0x0000000008007154        0xb build/usbd_desc.o
 *fill*         0x000000000800715f        0x1 
 .rodata.USBD_FS_InterfaceStrDescriptor.str1.4
                0x0000000008007160        0xe build/usbd_desc.o
 *fill*         0x000000000800716e        0x2 
 .rodata.USBD_GetDescriptor
                0x0000000008007170       0x38 build/usbd_ctlreq.o
 .rodata.USBD_StdDevReq
                0x00000000080071a8       0x28 build/usbd_ctlreq.o
 .rodata.AHBPrescTable
                0x00000000080071d0       0x10 build/system_stm32l0xx.o
                0x00000000080071d0                AHBPrescTable
 .rodata.PLLMulTable
                0x00000000080071e0        0x9 build/system_stm32l0xx.o
                0x00000000080071e0                PLLMulTable
 *fill*         0x00000000080071e9        0x3 
 .rodata._Z12error_stringi.str1.4
                0x00000000080071ec       0x6f build/json.o
 *fill*         0x000000000800725b        0x1 
 .rodata._Z12error_stringi
                0x000000000800725c       0x18 build/json.o
 .rodata._ZNK11ArduinoJson9Internals22JsonVariantComparisonsINS0_19JsonObjectSubscriptIPKcEEE6equalsIS4_EENS0_8EnableIfIXsrNS0_12StringTraitsIT_vEE10has_equalsEbE4typeERKSA_.str1.4
                0x0000000008007274        0x5 build/json.o
 *fill*         0x0000000008007279        0x3 
 .rodata._ZN11ArduinoJson9Internals10JsonParserINS0_17CharPointerTraitsIcE6ReaderENS0_12StringWriterIcEEE15parseAnythingToEPNS_11JsonVariantE.str1.4
                0x000000000800727c        0xf build/json.o
 *fill*         0x000000000800728b        0x1 
 .rodata._Z12process_jsonPc.str1.4
                0x000000000800728c      0x11c build/json.o
                                        0x12c (size before relaxing)
 .rodata._ZTVN11ArduinoJson10JsonBufferE
                0x00000000080073a8        0xc build/json.o
                0x00000000080073a8                vtable for ArduinoJson::JsonBuffer
 .rodata._ZTVN11ArduinoJson9Internals14JsonBufferBaseINS0_20StaticJsonBufferBaseEEE
                0x00000000080073b4        0xc build/json.o
                0x00000000080073b4                vtable for ArduinoJson::Internals::JsonBufferBase<ArduinoJson::Internals::StaticJsonBufferBase>
 .rodata._ZTVN11ArduinoJson9Internals20StaticJsonBufferBaseE
                0x00000000080073c0        0xc build/json.o
                0x00000000080073c0                vtable for ArduinoJson::Internals::StaticJsonBufferBase
 .rodata._ZTVN11ArduinoJson16StaticJsonBufferILj512EEE
                0x00000000080073cc        0xc build/json.o
                0x00000000080073cc                vtable for ArduinoJson::StaticJsonBuffer<512u>
 .rodata._Z8usb_loopv.str1.4
                0x00000000080073d8      0x11c build/usb.o
                                          0x6 (size before relaxing)
 .rodata._svfprintf_r.str1.1
                0x00000000080073d8       0x11 /home/thomas/programme/gcc-arm-none-eabi-10.3-2021.10/bin/../lib/gcc/arm-none-eabi/10.3.1/../../../../arm-none-eabi/lib/thumb/v6-m/nofp/libc_nano.a(lib_a-nano-svfprintf.o)
 .rodata._printf_i.str1.1
                0x00000000080073e9       0x22 /home/thomas/programme/gcc-arm-none-eabi-10.3-2021.10/bin/../lib/gcc/arm-none-eabi/10.3.1/../../../../arm-none-eabi/lib/thumb/v6-m/nofp/libc_nano.a(lib_a-nano-vfprintf_i.o)
                0x00000000080074f4                . = ALIGN (0x4)
 *fill*         0x000000000800740b        0x1 

.rel.dyn        0x000000000800740c        0x0
 .rel.iplt      0x000000000800740c        0x0 /home/thomas/programme/gcc-arm-none-eabi-10.3-2021.10/bin/../lib/gcc/arm-none-eabi/10.3.1/thumb/v6-m/nofp/crtbegin.o

.ARM.extab
 *(.ARM.extab* .gnu.linkonce.armextab.*)

.ARM            0x000000000800740c        0x0
                0x000000000800740c                __exidx_start = .
 *(.ARM.exidx*)
                0x000000000800740c                __exidx_end = .

.preinit_array  0x000000000800740c        0x0
                0x000000000800740c                PROVIDE (__preinit_array_start = .)
 *(.preinit_array*)
                0x000000000800740c                PROVIDE (__preinit_array_end = .)

.init_array     0x000000000800740c        0x4
                0x000000000800740c                PROVIDE (__init_array_start = .)
 *(SORT_BY_NAME(.init_array.*))
 *(.init_array*)
 .init_array    0x000000000800740c        0x4 /home/thomas/programme/gcc-arm-none-eabi-10.3-2021.10/bin/../lib/gcc/arm-none-eabi/10.3.1/thumb/v6-m/nofp/crtbegin.o
                0x0000000008007410                PROVIDE (__init_array_end = .)

.fini_array     0x0000000008007410        0x4
                [!provide]                        PROVIDE (__fini_array_start = .)
 *(SORT_BY_NAME(.fini_array.*))
 *(.fini_array*)
 .fini_array    0x0000000008007410        0x4 /home/thomas/programme/gcc-arm-none-eabi-10.3-2021.10/bin/../lib/gcc/arm-none-eabi/10.3.1/thumb/v6-m/nofp/crtbegin.o
                [!provide]                        PROVIDE (__fini_array_end = .)
                0x0000000008007414                _sidata = LOADADDR (.data)

.data           0x0000000020000000      0x240 load address 0x0000000008007414
                0x0000000020000000                . = ALIGN (0x4)
                0x0000000020000000                _sdata = .
 *(.data)
 *(.data*)
 .data.FS_Desc  0x0000000020000000       0x1c build/usbd_desc.o
                0x0000000020000000                FS_Desc
 .data.USBD_FS_DeviceDesc
                0x000000002000001c       0x12 build/usbd_desc.o
                0x000000002000001c                USBD_FS_DeviceDesc
 *fill*         0x000000002000002e        0x2 
 .data.USBD_LangIDDesc
                0x0000000020000030        0x4 build/usbd_desc.o
                0x0000000020000030                USBD_LangIDDesc
 .data.USBD_StringSerial
                0x0000000020000034       0x1a build/usbd_desc.o
                0x0000000020000034                USBD_StringSerial
 *fill*         0x000000002000004e        0x2 
 .data.USBD_Interface_fops_FS
                0x0000000020000050       0x10 build/usbd_cdc_if.o
                0x0000000020000050                USBD_Interface_fops_FS
 .data.uwTickFreq
                0x0000000020000060        0x1 build/stm32l0xx_hal.o
                0x0000000020000060                uwTickFreq
 *fill*         0x0000000020000061        0x3 
 .data.uwTickPrio
                0x0000000020000064        0x4 build/stm32l0xx_hal.o
                0x0000000020000064                uwTickPrio
 .data.USBD_CDC
                0x0000000020000068       0x38 build/usbd_cdc.o
                0x0000000020000068                USBD_CDC
 .data.USBD_CDC_CfgFSDesc
                0x00000000200000a0       0x43 build/usbd_cdc.o
                0x00000000200000a0                USBD_CDC_CfgFSDesc
 *fill*         0x00000000200000e3        0x1 
 .data.USBD_CDC_CfgHSDesc
                0x00000000200000e4       0x43 build/usbd_cdc.o
                0x00000000200000e4                USBD_CDC_CfgHSDesc
 *fill*         0x0000000020000127        0x1 
 .data.USBD_CDC_DeviceQualifierDesc
                0x0000000020000128        0xa build/usbd_cdc.o
 *fill*         0x0000000020000132        0x2 
 .data.USBD_CDC_OtherSpeedCfgDesc
                0x0000000020000134       0x43 build/usbd_cdc.o
                0x0000000020000134                USBD_CDC_OtherSpeedCfgDesc
 *fill*         0x0000000020000177        0x1 
 .data.SystemCoreClock
                0x0000000020000178        0x4 build/system_stm32l0xx.o
                0x0000000020000178                SystemCoreClock
 .data.digits   0x000000002000017c       0x28 build/main.o
                0x000000002000017c                digits
 .data.display  0x00000000200001a4        0xa build/main.o
                0x00000000200001a4                display
 *fill*         0x00000000200001ae        0x2 
 .data.filament_state
                0x00000000200001b0        0x4 build/main.o
                0x00000000200001b0                filament_state
 .data.gates    0x00000000200001b4        0xa build/main.o
                0x00000000200001b4                gates
 *fill*         0x00000000200001be        0x2 
 .data.muxflag  0x00000000200001c0        0x4 build/main.o
                0x00000000200001c0                muxflag
 .data.segments
                0x00000000200001c4       0x12 build/main.o
                0x00000000200001c4                segments
 *fill*         0x00000000200001d6        0x2 
 .data.usbwrptr
                0x00000000200001d8        0x4 build/usb.o
                0x00000000200001d8                usbwrptr
 .data._impure_ptr
                0x00000000200001dc        0x4 /home/thomas/programme/gcc-arm-none-eabi-10.3-2021.10/bin/../lib/gcc/arm-none-eabi/10.3.1/../../../../arm-none-eabi/lib/thumb/v6-m/nofp/libc_nano.a(lib_a-impure.o)
                0x00000000200001dc                _impure_ptr
 .data.impure_data
                0x00000000200001e0       0x60 /home/thomas/programme/gcc-arm-none-eabi-10.3-2021.10/bin/../lib/gcc/arm-none-eabi/10.3.1/../../../../arm-none-eabi/lib/thumb/v6-m/nofp/libc_nano.a(lib_a-impure.o)
                0x0000000020000240                . = ALIGN (0x4)
                0x0000000020000240                _edata = .

.igot.plt       0x0000000020000240        0x0 load address 0x0000000008007654
 .igot.plt      0x0000000020000240        0x0 /home/thomas/programme/gcc-arm-none-eabi-10.3-2021.10/bin/../lib/gcc/arm-none-eabi/10.3.1/thumb/v6-m/nofp/crtbegin.o
                0x0000000020000240                . = ALIGN (0x4)

.bss            0x0000000020000240     0x15a4 load address 0x0000000008007654
                0x0000000020000240                _sbss = .
                0x0000000020000240                __bss_start__ = _sbss
 *(.bss)
 .bss           0x0000000020000240       0x1c /home/thomas/programme/gcc-arm-none-eabi-10.3-2021.10/bin/../lib/gcc/arm-none-eabi/10.3.1/thumb/v6-m/nofp/crtbegin.o
 *(.bss*)
 .bss.hUsbDeviceFS
                0x000000002000025c      0x29c build/usb_device.o
                0x000000002000025c                hUsbDeviceFS
 .bss.USBD_StrDesc
                0x00000000200004f8      0x200 build/usbd_desc.o
                0x00000000200004f8                USBD_StrDesc
 .bss.UserRxBufferFS
                0x00000000200006f8      0x3e8 build/usbd_cdc_if.o
                0x00000000200006f8                UserRxBufferFS
 .bss.UserTxBufferFS
                0x0000000020000ae0      0x3e8 build/usbd_cdc_if.o
                0x0000000020000ae0                UserTxBufferFS
 .bss.hpcd_USB_FS
                0x0000000020000ec8      0x2f4 build/usbd_conf.o
                0x0000000020000ec8                hpcd_USB_FS
 .bss.mem.0     0x00000000200011bc      0x220 build/usbd_conf.o
 .bss.uwTick    0x00000000200013dc        0x4 build/stm32l0xx_hal.o
                0x00000000200013dc                uwTick
 .bss.cfgidx.0  0x00000000200013e0        0x1 build/usbd_ctlreq.o
 *fill*         0x00000000200013e1        0x3 
 .bss.hrtc      0x00000000200013e4       0x24 build/main.o
                0x00000000200013e4                hrtc
 .bss.htim2     0x0000000020001408       0x3c build/main.o
                0x0000000020001408                htim2
 .bss.htim21    0x0000000020001444       0x3c build/main.o
                0x0000000020001444                htim21
 .bss.rawdata   0x0000000020001480        0xa build/main.o
                0x0000000020001480                rawdata
 *fill*         0x000000002000148a        0x2 
 .bss.systick   0x000000002000148c        0x4 build/main.o
                0x000000002000148c                systick
 .bss.toggle    0x0000000020001490        0x1 build/main.o
                0x0000000020001490                toggle
 *fill*         0x0000000020001491        0x3 
 .bss.trigger_second
                0x0000000020001494        0x4 build/main.o
                0x0000000020001494                trigger_second
 .bss._ZGVZN11ArduinoJson10JsonObject7invalidEvE8instance
                0x0000000020001498        0x4 build/json.o
                0x0000000020001498                guard variable for ArduinoJson::JsonObject::invalid()::instance
 .bss._ZZN11ArduinoJson10JsonObject7invalidEvE8instance
                0x000000002000149c        0x8 build/json.o
                0x000000002000149c                ArduinoJson::JsonObject::invalid()::instance
 .bss._ZGVZN11ArduinoJson9JsonArray7invalidEvE8instance
                0x00000000200014a4        0x4 build/json.o
                0x00000000200014a4                guard variable for ArduinoJson::JsonArray::invalid()::instance
 .bss._ZZN11ArduinoJson9JsonArray7invalidEvE8instance
                0x00000000200014a8        0x8 build/json.o
                0x00000000200014a8                ArduinoJson::JsonArray::invalid()::instance
 .bss._ZL7txwrptr
                0x00000000200014b0        0x4 build/json.o
 .bss.control   0x00000000200014b4       0x14 build/json.o
                0x00000000200014b4                control
 .bss.rxbuf     0x00000000200014c8      0x100 build/usb.o
                0x00000000200014c8                rxbuf
 .bss.rxbufrdptr
                0x00000000200015c8        0x4 build/usb.o
                0x00000000200015c8                rxbufrdptr
 .bss.rxbufwrptr
                0x00000000200015cc        0x4 build/usb.o
                0x00000000200015cc                rxbufwrptr
 .bss.txbuf     0x00000000200015d0      0x100 build/usb.o
                0x00000000200015d0                txbuf
 .bss.usbrxbuf  0x00000000200016d0      0x100 build/usb.o
                0x00000000200016d0                usbrxbuf
 .bss.__malloc_free_list
                0x00000000200017d0        0x4 /home/thomas/programme/gcc-arm-none-eabi-10.3-2021.10/bin/../lib/gcc/arm-none-eabi/10.3.1/../../../../arm-none-eabi/lib/thumb/v6-m/nofp/libc_nano.a(lib_a-nano-mallocr.o)
                0x00000000200017d0                __malloc_free_list
 .bss.__malloc_sbrk_start
                0x00000000200017d4        0x4 /home/thomas/programme/gcc-arm-none-eabi-10.3-2021.10/bin/../lib/gcc/arm-none-eabi/10.3.1/../../../../arm-none-eabi/lib/thumb/v6-m/nofp/libc_nano.a(lib_a-nano-mallocr.o)
                0x00000000200017d4                __malloc_sbrk_start
 .bss.errno     0x00000000200017d8        0x4 /home/thomas/programme/gcc-arm-none-eabi-10.3-2021.10/bin/../lib/gcc/arm-none-eabi/10.3.1/../../../../arm-none-eabi/lib/thumb/v6-m/nofp/libc_nano.a(lib_a-reent.o)
                0x00000000200017d8                errno
 .bss.__lock___malloc_recursive_mutex
                0x00000000200017dc        0x1 /home/thomas/programme/gcc-arm-none-eabi-10.3-2021.10/bin/../lib/gcc/arm-none-eabi/10.3.1/../../../../arm-none-eabi/lib/thumb/v6-m/nofp/libc_nano.a(lib_a-lock.o)
                0x00000000200017dc                __lock___malloc_recursive_mutex
 *fill*         0x00000000200017dd        0x3 
 .bss.heap_end.0
                0x00000000200017e0        0x4 /home/thomas/programme/gcc-arm-none-eabi-10.3-2021.10/bin/../lib/gcc/arm-none-eabi/10.3.1/../../../../arm-none-eabi/lib/thumb/v6-m/nofp/libnosys.a(sbrk.o)
 *(COMMON)
                0x00000000200017e4                . = ALIGN (0x4)
                0x00000000200017e4                _ebss = .
                0x00000000200017e4                __bss_end__ = _ebss

._user_heap_stack
                0x00000000200017e4      0x604 load address 0x0000000008007654
                0x00000000200017e8                . = ALIGN (0x8)
 *fill*         0x00000000200017e4        0x4 
                0x00000000200017e8                PROVIDE (end = .)
                [!provide]                        PROVIDE (_end = .)
                0x00000000200019e8                . = (. + _Min_Heap_Size)
 *fill*         0x00000000200017e8      0x200 
                0x0000000020001de8                . = (. + _Min_Stack_Size)
 *fill*         0x00000000200019e8      0x400 
                0x0000000020001de8                . = ALIGN (0x8)

/DISCARD/
 libc.a(*)
 libm.a(*)
 libgcc.a(*)

.ARM.attributes
                0x0000000000000000       0x28
 *(.ARM.attributes)
 .ARM.attributes
                0x0000000000000000       0x1e /home/thomas/programme/gcc-arm-none-eabi-10.3-2021.10/bin/../lib/gcc/arm-none-eabi/10.3.1/thumb/v6-m/nofp/crti.o
 .ARM.attributes
                0x000000000000001e       0x2c /home/thomas/programme/gcc-arm-none-eabi-10.3-2021.10/bin/../lib/gcc/arm-none-eabi/10.3.1/thumb/v6-m/nofp/crtbegin.o
 .ARM.attributes
                0x000000000000004a       0x2c build/stm32l0xx_it.o
 .ARM.attributes
                0x0000000000000076       0x2c build/stm32l0xx_hal_msp.o
 .ARM.attributes
                0x00000000000000a2       0x2c build/usb_device.o
 .ARM.attributes
                0x00000000000000ce       0x2c build/usbd_desc.o
 .ARM.attributes
                0x00000000000000fa       0x2c build/usbd_cdc_if.o
 .ARM.attributes
                0x0000000000000126       0x2c build/usbd_conf.o
 .ARM.attributes
                0x0000000000000152       0x2c build/stm32l0xx_hal_rtc.o
 .ARM.attributes
                0x000000000000017e       0x2c build/stm32l0xx_hal_rtc_ex.o
 .ARM.attributes
                0x00000000000001aa       0x2c build/stm32l0xx_hal.o
 .ARM.attributes
                0x00000000000001d6       0x2c build/stm32l0xx_hal_rcc.o
 .ARM.attributes
                0x0000000000000202       0x2c build/stm32l0xx_hal_rcc_ex.o
 .ARM.attributes
                0x000000000000022e       0x2c build/stm32l0xx_hal_gpio.o
 .ARM.attributes
                0x000000000000025a       0x2c build/stm32l0xx_hal_pwr.o
 .ARM.attributes
                0x0000000000000286       0x2c build/stm32l0xx_hal_cortex.o
 .ARM.attributes
                0x00000000000002b2       0x2c build/stm32l0xx_hal_tim.o
 .ARM.attributes
                0x00000000000002de       0x2c build/stm32l0xx_hal_tim_ex.o
 .ARM.attributes
                0x000000000000030a       0x2c build/stm32l0xx_hal_pcd.o
 .ARM.attributes
                0x0000000000000336       0x2c build/stm32l0xx_hal_pcd_ex.o
 .ARM.attributes
                0x0000000000000362       0x2c build/stm32l0xx_ll_usb.o
 .ARM.attributes
                0x000000000000038e       0x2c build/usbd_core.o
 .ARM.attributes
                0x00000000000003ba       0x2c build/usbd_ctlreq.o
 .ARM.attributes
                0x00000000000003e6       0x2c build/usbd_ioreq.o
 .ARM.attributes
                0x0000000000000412       0x2c build/usbd_cdc.o
 .ARM.attributes
                0x000000000000043e       0x2c build/system_stm32l0xx.o
 .ARM.attributes
                0x000000000000046a       0x22 build/startup_stm32l052xx.o
 .ARM.attributes
                0x000000000000048c       0x2c build/main.o
 .ARM.attributes
                0x00000000000004b8       0x2c build/rtc.o
 .ARM.attributes
                0x00000000000004e4       0x2c build/json.o
 .ARM.attributes
                0x0000000000000510       0x2c build/usb.o
 .ARM.attributes
                0x000000000000053c       0x2c build/cxx.o
 .ARM.attributes
                0x0000000000000568       0x2c /home/thomas/programme/gcc-arm-none-eabi-10.3-2021.10/bin/../lib/gcc/arm-none-eabi/10.3.1/../../../../arm-none-eabi/lib/thumb/v6-m/nofp/libc_nano.a(lib_a-abort.o)
 .ARM.attributes
                0x0000000000000594       0x2c /home/thomas/programme/gcc-arm-none-eabi-10.3-2021.10/bin/../lib/gcc/arm-none-eabi/10.3.1/../../../../arm-none-eabi/lib/thumb/v6-m/nofp/libc_nano.a(lib_a-impure.o)
 .ARM.attributes
                0x00000000000005c0       0x2c /home/thomas/programme/gcc-arm-none-eabi-10.3-2021.10/bin/../lib/gcc/arm-none-eabi/10.3.1/../../../../arm-none-eabi/lib/thumb/v6-m/nofp/libc_nano.a(lib_a-init.o)
 .ARM.attributes
                0x00000000000005ec       0x2c /home/thomas/programme/gcc-arm-none-eabi-10.3-2021.10/bin/../lib/gcc/arm-none-eabi/10.3.1/../../../../arm-none-eabi/lib/thumb/v6-m/nofp/libc_nano.a(lib_a-memcpy-stub.o)
 .ARM.attributes
                0x0000000000000618       0x2c /home/thomas/programme/gcc-arm-none-eabi-10.3-2021.10/bin/../lib/gcc/arm-none-eabi/10.3.1/../../../../arm-none-eabi/lib/thumb/v6-m/nofp/libc_nano.a(lib_a-memset.o)
 .ARM.attributes
                0x0000000000000644       0x2c /home/thomas/programme/gcc-arm-none-eabi-10.3-2021.10/bin/../lib/gcc/arm-none-eabi/10.3.1/../../../../arm-none-eabi/lib/thumb/v6-m/nofp/libc_nano.a(lib_a-signal.o)
 .ARM.attributes
                0x0000000000000670       0x2c /home/thomas/programme/gcc-arm-none-eabi-10.3-2021.10/bin/../lib/gcc/arm-none-eabi/10.3.1/../../../../arm-none-eabi/lib/thumb/v6-m/nofp/libc_nano.a(lib_a-signalr.o)
 .ARM.attributes
                0x000000000000069c       0x1c /home/thomas/programme/gcc-arm-none-eabi-10.3-2021.10/bin/../lib/gcc/arm-none-eabi/10.3.1/../../../../arm-none-eabi/lib/thumb/v6-m/nofp/libc_nano.a(lib_a-strcmp.o)
 .ARM.attributes
                0x00000000000006b8       0x1c /home/thomas/programme/gcc-arm-none-eabi-10.3-2021.10/bin/../lib/gcc/arm-none-eabi/10.3.1/../../../../arm-none-eabi/lib/thumb/v6-m/nofp/libc_nano.a(lib_a-strlen.o)
 .ARM.attributes
                0x00000000000006d4       0x2c /home/thomas/programme/gcc-arm-none-eabi-10.3-2021.10/bin/../lib/gcc/arm-none-eabi/10.3.1/../../../../arm-none-eabi/lib/thumb/v6-m/nofp/libc_nano.a(lib_a-vsnprintf.o)
 .ARM.attributes
                0x0000000000000700       0x2c /home/thomas/programme/gcc-arm-none-eabi-10.3-2021.10/bin/../lib/gcc/arm-none-eabi/10.3.1/../../../../arm-none-eabi/lib/thumb/v6-m/nofp/libc_nano.a(lib_a-nano-mallocr.o)
 .ARM.attributes
                0x000000000000072c       0x2c /home/thomas/programme/gcc-arm-none-eabi-10.3-2021.10/bin/../lib/gcc/arm-none-eabi/10.3.1/../../../../arm-none-eabi/lib/thumb/v6-m/nofp/libc_nano.a(lib_a-nano-svfprintf.o)
 .ARM.attributes
                0x0000000000000758       0x2c /home/thomas/programme/gcc-arm-none-eabi-10.3-2021.10/bin/../lib/gcc/arm-none-eabi/10.3.1/../../../../arm-none-eabi/lib/thumb/v6-m/nofp/libc_nano.a(lib_a-nano-vfprintf_i.o)
 .ARM.attributes
                0x0000000000000784       0x2c /home/thomas/programme/gcc-arm-none-eabi-10.3-2021.10/bin/../lib/gcc/arm-none-eabi/10.3.1/../../../../arm-none-eabi/lib/thumb/v6-m/nofp/libc_nano.a(lib_a-reent.o)
 .ARM.attributes
                0x00000000000007b0       0x2c /home/thomas/programme/gcc-arm-none-eabi-10.3-2021.10/bin/../lib/gcc/arm-none-eabi/10.3.1/../../../../arm-none-eabi/lib/thumb/v6-m/nofp/libc_nano.a(lib_a-sbrkr.o)
 .ARM.attributes
                0x00000000000007dc       0x2c /home/thomas/programme/gcc-arm-none-eabi-10.3-2021.10/bin/../lib/gcc/arm-none-eabi/10.3.1/../../../../arm-none-eabi/lib/thumb/v6-m/nofp/libc_nano.a(lib_a-memchr-stub.o)
 .ARM.attributes
                0x0000000000000808       0x2c /home/thomas/programme/gcc-arm-none-eabi-10.3-2021.10/bin/../lib/gcc/arm-none-eabi/10.3.1/../../../../arm-none-eabi/lib/thumb/v6-m/nofp/libc_nano.a(lib_a-memmove.o)
 .ARM.attributes
                0x0000000000000834       0x2c /home/thomas/programme/gcc-arm-none-eabi-10.3-2021.10/bin/../lib/gcc/arm-none-eabi/10.3.1/../../../../arm-none-eabi/lib/thumb/v6-m/nofp/libc_nano.a(lib_a-mlock.o)
 .ARM.attributes
                0x0000000000000860       0x2c /home/thomas/programme/gcc-arm-none-eabi-10.3-2021.10/bin/../lib/gcc/arm-none-eabi/10.3.1/../../../../arm-none-eabi/lib/thumb/v6-m/nofp/libc_nano.a(lib_a-nano-freer.o)
 .ARM.attributes
                0x000000000000088c       0x2c /home/thomas/programme/gcc-arm-none-eabi-10.3-2021.10/bin/../lib/gcc/arm-none-eabi/10.3.1/../../../../arm-none-eabi/lib/thumb/v6-m/nofp/libc_nano.a(lib_a-nano-reallocr.o)
 .ARM.attributes
                0x00000000000008b8       0x2c /home/thomas/programme/gcc-arm-none-eabi-10.3-2021.10/bin/../lib/gcc/arm-none-eabi/10.3.1/../../../../arm-none-eabi/lib/thumb/v6-m/nofp/libc_nano.a(lib_a-lock.o)
 .ARM.attributes
                0x00000000000008e4       0x2c /home/thomas/programme/gcc-arm-none-eabi-10.3-2021.10/bin/../lib/gcc/arm-none-eabi/10.3.1/../../../../arm-none-eabi/lib/thumb/v6-m/nofp/libc_nano.a(lib_a-nano-msizer.o)
 .ARM.attributes
                0x0000000000000910       0x2c /home/thomas/programme/gcc-arm-none-eabi-10.3-2021.10/bin/../lib/gcc/arm-none-eabi/10.3.1/../../../../arm-none-eabi/lib/thumb/v6-m/nofp/libnosys.a(getpid.o)
 .ARM.attributes
                0x000000000000093c       0x2c /home/thomas/programme/gcc-arm-none-eabi-10.3-2021.10/bin/../lib/gcc/arm-none-eabi/10.3.1/../../../../arm-none-eabi/lib/thumb/v6-m/nofp/libnosys.a(kill.o)
 .ARM.attributes
                0x0000000000000968       0x2c /home/thomas/programme/gcc-arm-none-eabi-10.3-2021.10/bin/../lib/gcc/arm-none-eabi/10.3.1/../../../../arm-none-eabi/lib/thumb/v6-m/nofp/libnosys.a(sbrk.o)
 .ARM.attributes
                0x0000000000000994       0x2c /home/thomas/programme/gcc-arm-none-eabi-10.3-2021.10/bin/../lib/gcc/arm-none-eabi/10.3.1/../../../../arm-none-eabi/lib/thumb/v6-m/nofp/libnosys.a(_exit.o)
 .ARM.attributes
                0x00000000000009c0       0x1e /home/thomas/programme/gcc-arm-none-eabi-10.3-2021.10/bin/../lib/gcc/arm-none-eabi/10.3.1/thumb/v6-m/nofp/libgcc.a(_thumb1_case_shi.o)
 .ARM.attributes
                0x00000000000009de       0x1e /home/thomas/programme/gcc-arm-none-eabi-10.3-2021.10/bin/../lib/gcc/arm-none-eabi/10.3.1/thumb/v6-m/nofp/libgcc.a(_udivsi3.o)
 .ARM.attributes
                0x00000000000009fc       0x1e /home/thomas/programme/gcc-arm-none-eabi-10.3-2021.10/bin/../lib/gcc/arm-none-eabi/10.3.1/thumb/v6-m/nofp/libgcc.a(_dvmd_tls.o)
 .ARM.attributes
                0x0000000000000a1a       0x2c /home/thomas/programme/gcc-arm-none-eabi-10.3-2021.10/bin/../lib/gcc/arm-none-eabi/10.3.1/thumb/v6-m/nofp/libgcc.a(fixdfsi.o)
 .ARM.attributes
                0x0000000000000a46       0x1e /home/thomas/programme/gcc-arm-none-eabi-10.3-2021.10/bin/../lib/gcc/arm-none-eabi/10.3.1/thumb/v6-m/nofp/crtn.o
OUTPUT(build/stm32_vfd.elf elf32-littlearm)
LOAD linker stubs
LOAD /home/thomas/programme/gcc-arm-none-eabi-10.3-2021.10/bin/../lib/gcc/arm-none-eabi/10.3.1/../../../../arm-none-eabi/lib/thumb/v6-m/nofp/libc.a
LOAD /home/thomas/programme/gcc-arm-none-eabi-10.3-2021.10/bin/../lib/gcc/arm-none-eabi/10.3.1/../../../../arm-none-eabi/lib/thumb/v6-m/nofp/libm.a
LOAD /home/thomas/programme/gcc-arm-none-eabi-10.3-2021.10/bin/../lib/gcc/arm-none-eabi/10.3.1/thumb/v6-m/nofp/libgcc.a

.debug_info     0x0000000000000000    0x2c4dc
 .debug_info    0x0000000000000000      0xf72 build/stm32l0xx_it.o
 .debug_info    0x0000000000000f72      0xe40 build/stm32l0xx_hal_msp.o
 .debug_info    0x0000000000001db2      0x741 build/usb_device.o
 .debug_info    0x00000000000024f3      0x62f build/usbd_desc.o
 .debug_info    0x0000000000002b22      0x96e build/usbd_cdc_if.o
 .debug_info    0x0000000000003490     0x1cc4 build/usbd_conf.o
 .debug_info    0x0000000000005154      0xf5b build/stm32l0xx_hal_rtc.o
 .debug_info    0x00000000000060af     0x11f8 build/stm32l0xx_hal_rtc_ex.o
 .debug_info    0x00000000000072a7      0xa04 build/stm32l0xx_hal.o
 .debug_info    0x0000000000007cab      0xdd3 build/stm32l0xx_hal_rcc.o
 .debug_info    0x0000000000008a7e      0xa56 build/stm32l0xx_hal_rcc_ex.o
 .debug_info    0x00000000000094d4      0x765 build/stm32l0xx_hal_gpio.o
 .debug_info    0x0000000000009c39      0x733 build/stm32l0xx_hal_pwr.o
 .debug_info    0x000000000000a36c      0xaad build/stm32l0xx_hal_cortex.o
 .debug_info    0x000000000000ae19     0x37b7 build/stm32l0xx_hal_tim.o
 .debug_info    0x000000000000e5d0      0x6eb build/stm32l0xx_hal_tim_ex.o
 .debug_info    0x000000000000ecbb     0x194f build/stm32l0xx_hal_pcd.o
 .debug_info    0x000000000001060a      0xaa4 build/stm32l0xx_hal_pcd_ex.o
 .debug_info    0x00000000000110ae     0x1a83 build/stm32l0xx_ll_usb.o
 .debug_info    0x0000000000012b31      0xe72 build/usbd_core.o
 .debug_info    0x00000000000139a3     0x10e0 build/usbd_ctlreq.o
 .debug_info    0x0000000000014a83      0x883 build/usbd_ioreq.o
 .debug_info    0x0000000000015306     0x156a build/usbd_cdc.o
 .debug_info    0x0000000000016870      0x445 build/system_stm32l0xx.o
 .debug_info    0x0000000000016cb5       0x22 build/startup_stm32l052xx.o
 .debug_info    0x0000000000016cd7     0x2476 build/main.o
 .debug_info    0x000000000001914d      0x6a9 build/rtc.o
 .debug_info    0x00000000000197f6    0x11b08 build/json.o
 .debug_info    0x000000000002b2fe      0xb55 build/usb.o
 .debug_info    0x000000000002be53      0x689 build/cxx.o

.debug_abbrev   0x0000000000000000     0x4c02
 .debug_abbrev  0x0000000000000000      0x189 build/stm32l0xx_it.o
 .debug_abbrev  0x0000000000000189      0x1df build/stm32l0xx_hal_msp.o
 .debug_abbrev  0x0000000000000368      0x181 build/usb_device.o
 .debug_abbrev  0x00000000000004e9      0x21f build/usbd_desc.o
 .debug_abbrev  0x0000000000000708      0x26c build/usbd_cdc_if.o
 .debug_abbrev  0x0000000000000974      0x2e3 build/usbd_conf.o
 .debug_abbrev  0x0000000000000c57      0x20e build/stm32l0xx_hal_rtc.o
 .debug_abbrev  0x0000000000000e65      0x222 build/stm32l0xx_hal_rtc_ex.o
 .debug_abbrev  0x0000000000001087      0x29c build/stm32l0xx_hal.o
 .debug_abbrev  0x0000000000001323      0x29d build/stm32l0xx_hal_rcc.o
 .debug_abbrev  0x00000000000015c0      0x230 build/stm32l0xx_hal_rcc_ex.o
 .debug_abbrev  0x00000000000017f0      0x211 build/stm32l0xx_hal_gpio.o
 .debug_abbrev  0x0000000000001a01      0x1d1 build/stm32l0xx_hal_pwr.o
 .debug_abbrev  0x0000000000001bd2      0x28e build/stm32l0xx_hal_cortex.o
 .debug_abbrev  0x0000000000001e60      0x280 build/stm32l0xx_hal_tim.o
 .debug_abbrev  0x00000000000020e0      0x1ac build/stm32l0xx_hal_tim_ex.o
 .debug_abbrev  0x000000000000228c      0x2bc build/stm32l0xx_hal_pcd.o
 .debug_abbrev  0x0000000000002548      0x25b build/stm32l0xx_hal_pcd_ex.o
 .debug_abbrev  0x00000000000027a3      0x2ed build/stm32l0xx_ll_usb.o
 .debug_abbrev  0x0000000000002a90      0x293 build/usbd_core.o
 .debug_abbrev  0x0000000000002d23      0x2cd build/usbd_ctlreq.o
 .debug_abbrev  0x0000000000002ff0      0x16f build/usbd_ioreq.o
 .debug_abbrev  0x000000000000315f      0x317 build/usbd_cdc.o
 .debug_abbrev  0x0000000000003476      0x134 build/system_stm32l0xx.o
 .debug_abbrev  0x00000000000035aa       0x12 build/startup_stm32l052xx.o
 .debug_abbrev  0x00000000000035bc      0x40b build/main.o
 .debug_abbrev  0x00000000000039c7      0x1a2 build/rtc.o
 .debug_abbrev  0x0000000000003b69      0xbce build/json.o
 .debug_abbrev  0x0000000000004737      0x2fc build/usb.o
 .debug_abbrev  0x0000000000004a33      0x1cf build/cxx.o

.debug_loc      0x0000000000000000    0x1922d
 .debug_loc     0x0000000000000000       0x80 build/stm32l0xx_it.o
 .debug_loc     0x0000000000000080      0x1f3 build/stm32l0xx_hal_msp.o
 .debug_loc     0x0000000000000273       0x20 build/usb_device.o
 .debug_loc     0x0000000000000293      0x45d build/usbd_desc.o
 .debug_loc     0x00000000000006f0      0x1e9 build/usbd_cdc_if.o
 .debug_loc     0x00000000000008d9      0xf9b build/usbd_conf.o
 .debug_loc     0x0000000000001874      0xd9d build/stm32l0xx_hal_rtc.o
 .debug_loc     0x0000000000002611     0x1310 build/stm32l0xx_hal_rtc_ex.o
 .debug_loc     0x0000000000003921      0x212 build/stm32l0xx_hal.o
 .debug_loc     0x0000000000003b33      0x8f5 build/stm32l0xx_hal_rcc.o
 .debug_loc     0x0000000000004428      0x6fd build/stm32l0xx_hal_rcc_ex.o
 .debug_loc     0x0000000000004b25      0x44b build/stm32l0xx_hal_gpio.o
 .debug_loc     0x0000000000004f70      0x144 build/stm32l0xx_hal_pwr.o
 .debug_loc     0x00000000000050b4      0x46e build/stm32l0xx_hal_cortex.o
 .debug_loc     0x0000000000005522     0x47af build/stm32l0xx_hal_tim.o
 .debug_loc     0x0000000000009cd1      0x103 build/stm32l0xx_hal_tim_ex.o
 .debug_loc     0x0000000000009dd4     0x14a4 build/stm32l0xx_hal_pcd.o
 .debug_loc     0x000000000000b278      0x2c8 build/stm32l0xx_hal_pcd_ex.o
 .debug_loc     0x000000000000b540     0x1ae3 build/stm32l0xx_ll_usb.o
 .debug_loc     0x000000000000d023      0xa4d build/usbd_core.o
 .debug_loc     0x000000000000da70     0x128f build/usbd_ctlreq.o
 .debug_loc     0x000000000000ecff      0x364 build/usbd_ioreq.o
 .debug_loc     0x000000000000f063      0xa2e build/usbd_cdc.o
 .debug_loc     0x000000000000fa91      0x20f build/system_stm32l0xx.o
 .debug_loc     0x000000000000fca0      0x33a build/main.o
 .debug_loc     0x000000000000ffda      0x134 build/rtc.o
 .debug_loc     0x000000000001010e     0x8fae build/json.o
 .debug_loc     0x00000000000190bc      0x131 build/usb.o
 .debug_loc     0x00000000000191ed       0x40 build/cxx.o

.debug_aranges  0x0000000000000000     0x1200
 .debug_aranges
                0x0000000000000000       0x58 build/stm32l0xx_it.o
 .debug_aranges
                0x0000000000000058       0x48 build/stm32l0xx_hal_msp.o
 .debug_aranges
                0x00000000000000a0       0x20 build/usb_device.o
 .debug_aranges
                0x00000000000000c0       0x60 build/usbd_desc.o
 .debug_aranges
                0x0000000000000120       0x40 build/usbd_cdc_if.o
 .debug_aranges
                0x0000000000000160      0x118 build/usbd_conf.o
 .debug_aranges
                0x0000000000000278       0xb8 build/stm32l0xx_hal_rtc.o
 .debug_aranges
                0x0000000000000330      0x120 build/stm32l0xx_hal_rtc_ex.o
 .debug_aranges
                0x0000000000000450      0x110 build/stm32l0xx_hal.o
 .debug_aranges
                0x0000000000000560       0x80 build/stm32l0xx_hal_rcc.o
 .debug_aranges
                0x00000000000005e0       0xb0 build/stm32l0xx_hal_rcc_ex.o
 .debug_aranges
                0x0000000000000690       0x58 build/stm32l0xx_hal_gpio.o
 .debug_aranges
                0x00000000000006e8       0xa0 build/stm32l0xx_hal_pwr.o
 .debug_aranges
                0x0000000000000788       0x90 build/stm32l0xx_hal_cortex.o
 .debug_aranges
                0x0000000000000818      0x3a8 build/stm32l0xx_hal_tim.o
 .debug_aranges
                0x0000000000000bc0       0x28 build/stm32l0xx_hal_tim_ex.o
 .debug_aranges
                0x0000000000000be8      0x130 build/stm32l0xx_hal_pcd.o
 .debug_aranges
                0x0000000000000d18       0x58 build/stm32l0xx_hal_pcd_ex.o
 .debug_aranges
                0x0000000000000d70       0xb0 build/stm32l0xx_ll_usb.o
 .debug_aranges
                0x0000000000000e20       0xb8 build/usbd_core.o
 .debug_aranges
                0x0000000000000ed8       0x88 build/usbd_ctlreq.o
 .debug_aranges
                0x0000000000000f60       0x50 build/usbd_ioreq.o
 .debug_aranges
                0x0000000000000fb0       0x90 build/usbd_cdc.o
 .debug_aranges
                0x0000000000001040       0x28 build/system_stm32l0xx.o
 .debug_aranges
                0x0000000000001068       0x28 build/startup_stm32l052xx.o
 .debug_aranges
                0x0000000000001090       0x68 build/main.o
 .debug_aranges
                0x00000000000010f8       0x30 build/rtc.o
 .debug_aranges
                0x0000000000001128       0x78 build/json.o
 .debug_aranges
                0x00000000000011a0       0x38 build/usb.o
 .debug_aranges
                0x00000000000011d8       0x28 build/cxx.o

.debug_ranges   0x0000000000000000     0x1f70
 .debug_ranges  0x0000000000000000       0x48 build/stm32l0xx_it.o
 .debug_ranges  0x0000000000000048       0x38 build/stm32l0xx_hal_msp.o
 .debug_ranges  0x0000000000000080       0x10 build/usb_device.o
 .debug_ranges  0x0000000000000090       0x50 build/usbd_desc.o
 .debug_ranges  0x00000000000000e0       0x30 build/usbd_cdc_if.o
 .debug_ranges  0x0000000000000110      0x108 build/usbd_conf.o
 .debug_ranges  0x0000000000000218       0xa8 build/stm32l0xx_hal_rtc.o
 .debug_ranges  0x00000000000002c0      0x110 build/stm32l0xx_hal_rtc_ex.o
 .debug_ranges  0x00000000000003d0      0x100 build/stm32l0xx_hal.o
 .debug_ranges  0x00000000000004d0       0xa0 build/stm32l0xx_hal_rcc.o
 .debug_ranges  0x0000000000000570       0xb8 build/stm32l0xx_hal_rcc_ex.o
 .debug_ranges  0x0000000000000628       0x48 build/stm32l0xx_hal_gpio.o
 .debug_ranges  0x0000000000000670       0x90 build/stm32l0xx_hal_pwr.o
 .debug_ranges  0x0000000000000700       0xc8 build/stm32l0xx_hal_cortex.o
 .debug_ranges  0x00000000000007c8      0x398 build/stm32l0xx_hal_tim.o
 .debug_ranges  0x0000000000000b60       0x18 build/stm32l0xx_hal_tim_ex.o
 .debug_ranges  0x0000000000000b78      0x1d0 build/stm32l0xx_hal_pcd.o
 .debug_ranges  0x0000000000000d48       0x48 build/stm32l0xx_hal_pcd_ex.o
 .debug_ranges  0x0000000000000d90      0x2d8 build/stm32l0xx_ll_usb.o
 .debug_ranges  0x0000000000001068       0xa8 build/usbd_core.o
 .debug_ranges  0x0000000000001110       0x78 build/usbd_ctlreq.o
 .debug_ranges  0x0000000000001188       0x40 build/usbd_ioreq.o
 .debug_ranges  0x00000000000011c8       0x80 build/usbd_cdc.o
 .debug_ranges  0x0000000000001248       0x18 build/system_stm32l0xx.o
 .debug_ranges  0x0000000000001260       0x20 build/startup_stm32l052xx.o
 .debug_ranges  0x0000000000001280       0x88 build/main.o
 .debug_ranges  0x0000000000001308       0x20 build/rtc.o
 .debug_ranges  0x0000000000001328      0xbf0 build/json.o
 .debug_ranges  0x0000000000001f18       0x40 build/usb.o
 .debug_ranges  0x0000000000001f58       0x18 build/cxx.o

.debug_line     0x0000000000000000    0x147db
 .debug_line    0x0000000000000000      0x2d5 build/stm32l0xx_it.o
 .debug_line    0x00000000000002d5      0x34c build/stm32l0xx_hal_msp.o
 .debug_line    0x0000000000000621      0x213 build/usb_device.o
 .debug_line    0x0000000000000834      0x368 build/usbd_desc.o
 .debug_line    0x0000000000000b9c      0x24f build/usbd_cdc_if.o
 .debug_line    0x0000000000000deb      0x82e build/usbd_conf.o
 .debug_line    0x0000000000001619     0x10d9 build/stm32l0xx_hal_rtc.o
 .debug_line    0x00000000000026f2     0x1532 build/stm32l0xx_hal_rtc_ex.o
 .debug_line    0x0000000000003c24      0x5fe build/stm32l0xx_hal.o
 .debug_line    0x0000000000004222      0xd68 build/stm32l0xx_hal_rcc.o
 .debug_line    0x0000000000004f8a      0xb0e build/stm32l0xx_hal_rcc_ex.o
 .debug_line    0x0000000000005a98      0x651 build/stm32l0xx_hal_gpio.o
 .debug_line    0x00000000000060e9      0x4b8 build/stm32l0xx_hal_pwr.o
 .debug_line    0x00000000000065a1      0x5f0 build/stm32l0xx_hal_cortex.o
 .debug_line    0x0000000000006b91     0x3284 build/stm32l0xx_hal_tim.o
 .debug_line    0x0000000000009e15      0x319 build/stm32l0xx_hal_tim_ex.o
 .debug_line    0x000000000000a12e     0x158a build/stm32l0xx_hal_pcd.o
 .debug_line    0x000000000000b6b8      0x422 build/stm32l0xx_hal_pcd_ex.o
 .debug_line    0x000000000000bada     0x182f build/stm32l0xx_ll_usb.o
 .debug_line    0x000000000000d309      0x6fd build/usbd_core.o
 .debug_line    0x000000000000da06      0xa18 build/usbd_ctlreq.o
 .debug_line    0x000000000000e41e      0x28e build/usbd_ioreq.o
 .debug_line    0x000000000000e6ac      0x7a1 build/usbd_cdc.o
 .debug_line    0x000000000000ee4d      0x2ca build/system_stm32l0xx.o
 .debug_line    0x000000000000f117       0x78 build/startup_stm32l052xx.o
 .debug_line    0x000000000000f18f      0xc5f build/main.o
 .debug_line    0x000000000000fdee      0x286 build/rtc.o
 .debug_line    0x0000000000010074     0x3ff2 build/json.o
 .debug_line    0x0000000000014066      0x55c build/usb.o
 .debug_line    0x00000000000145c2      0x219 build/cxx.o

.debug_str      0x0000000000000000     0xc6f2
 .debug_str     0x0000000000000000      0x93e build/stm32l0xx_it.o
                                        0xaef (size before relaxing)
 .debug_str     0x000000000000093e      0x353 build/stm32l0xx_hal_msp.o
                                        0xa40 (size before relaxing)
 .debug_str     0x0000000000000c91      0x3ed build/usb_device.o
                                        0x623 (size before relaxing)
 .debug_str     0x000000000000107e      0x181 build/usbd_desc.o
                                        0x42e (size before relaxing)
 .debug_str     0x00000000000011ff      0x146 build/usbd_cdc_if.o
                                        0x702 (size before relaxing)
 .debug_str     0x0000000000001345      0x551 build/usbd_conf.o
                                       0x10a1 (size before relaxing)
 .debug_str     0x0000000000001896      0x2d4 build/stm32l0xx_hal_rtc.o
                                        0x6a0 (size before relaxing)
 .debug_str     0x0000000000001b6a      0x4f9 build/stm32l0xx_hal_rtc_ex.o
                                        0x9bf (size before relaxing)
 .debug_str     0x0000000000002063      0x3f8 build/stm32l0xx_hal.o
                                        0x831 (size before relaxing)
 .debug_str     0x000000000000245b      0x2fc build/stm32l0xx_hal_rcc.o
                                        0x6ee (size before relaxing)
 .debug_str     0x0000000000002757      0x40b build/stm32l0xx_hal_rcc_ex.o
                                        0x78b (size before relaxing)
 .debug_str     0x0000000000002b62      0x10a build/stm32l0xx_hal_gpio.o
                                        0x42d (size before relaxing)
 .debug_str     0x0000000000002c6c      0x21b build/stm32l0xx_hal_pwr.o
                                        0x48e (size before relaxing)
 .debug_str     0x0000000000002e87      0x261 build/stm32l0xx_hal_cortex.o
                                        0x6e5 (size before relaxing)
 .debug_str     0x00000000000030e8      0xd7f build/stm32l0xx_hal_tim.o
                                       0x13bf (size before relaxing)
 .debug_str     0x0000000000003e67       0xa6 build/stm32l0xx_hal_tim_ex.o
                                        0x628 (size before relaxing)
 .debug_str     0x0000000000003f0d      0x2ca build/stm32l0xx_hal_pcd.o
                                        0xa83 (size before relaxing)
 .debug_str     0x00000000000041d7      0x182 build/stm32l0xx_hal_pcd_ex.o
                                        0x75f (size before relaxing)
 .debug_str     0x0000000000004359       0xca build/stm32l0xx_ll_usb.o
                                        0x630 (size before relaxing)
 .debug_str     0x0000000000004423      0x156 build/usbd_core.o
                                        0x81f (size before relaxing)
 .debug_str     0x0000000000004579       0xe2 build/usbd_ctlreq.o
                                        0x728 (size before relaxing)
 .debug_str     0x000000000000465b       0x60 build/usbd_ioreq.o
                                        0x655 (size before relaxing)
 .debug_str     0x00000000000046bb      0x18f build/usbd_cdc.o
                                        0xc37 (size before relaxing)
 .debug_str     0x000000000000484a       0x50 build/system_stm32l0xx.o
                                        0x2dc (size before relaxing)
 .debug_str     0x000000000000489a       0x24 build/startup_stm32l052xx.o
                                         0x4b (size before relaxing)
 .debug_str     0x00000000000048be      0x633 build/main.o
                                       0x14de (size before relaxing)
 .debug_str     0x0000000000004ef1       0xa0 build/rtc.o
                                        0x5f6 (size before relaxing)
 .debug_str     0x0000000000004f91     0x7647 build/json.o
                                       0x800e (size before relaxing)
 .debug_str     0x000000000000c5d8       0xa7 build/usb.o
                                        0x58d (size before relaxing)